
*** Running vivado
    with args -log top.vds -m64 -product Vivado -mode batch -messageDb vivado.pb -notrace -source top.tcl


ECHO 处于关闭状态。
ECHO 处于关闭状态。

****** Vivado v2023.1 (64-bit)
  **** SW Build 3865809 on Sun May  7 15:05:29 MDT 2023
  **** IP Build 3864474 on Sun May  7 20:36:21 MDT 2023
  **** SharedData Build 3865790 on Sun May 07 13:33:03 MDT 2023
    ** Copyright 1986-2022 Xilinx, Inc. All Rights Reserved.
    ** Copyright 2022-2023 Advanced Micro Devices, Inc. All Rights Reserved.

source top.tcl -notrace
create_project: Time (s): cpu = 00:00:29 ; elapsed = 00:00:35 . Memory (MB): peak = 432.617 ; gain = 164.070
Command: read_checkpoint -auto_incremental -incremental E:/Digital_lab/lab8/Game/Game.srcs/utils_1/imports/synth_1/top.dcp
INFO: [Vivado 12-5825] Read reference checkpoint from E:/Digital_lab/lab8/Game/Game.srcs/utils_1/imports/synth_1/top.dcp for incremental synthesis
INFO: [Vivado 12-7989] Please ensure there are no constraint changes
Command: synth_design -top top -part xc7a100ticsg324-1L
Starting synth_design
Attempting to get a license for feature 'Synthesis' and/or device 'xc7a100ti'
INFO: [Common 17-349] Got license for feature 'Synthesis' and/or device 'xc7a100ti'
INFO: [Device 21-403] Loading part xc7a100ticsg324-1L
INFO: [Designutils 20-5440] No compile time benefit to using incremental synthesis; A full resynthesis will be run
INFO: [Designutils 20-4379] Flow is switching to default flow due to incremental criteria not met. If you would like to alter this behaviour and have the flow terminate instead, please set the following parameter config_implementation {autoIncr.Synth.RejectBehavior Terminate}
INFO: [Synth 8-7079] Multithreading enabled for synth_design using a maximum of 2 processes.
INFO: [Synth 8-7078] Launching helper process for spawning children vivado processes
INFO: [Synth 8-7075] Helper process launched with PID 34060
WARNING: [Synth 8-6901] identifier 'cur_shape' is used before its declaration [E:/Digital_lab/lab8/Game/Game.srcs/sources_1/new/logic.v:56]
WARNING: [Synth 8-6901] identifier 'cur_x' is used before its declaration [E:/Digital_lab/lab8/Game/Game.srcs/sources_1/new/logic.v:58]
WARNING: [Synth 8-6901] identifier 'cur_y' is used before its declaration [E:/Digital_lab/lab8/Game/Game.srcs/sources_1/new/logic.v:59]
WARNING: [Synth 8-6901] identifier 'board' is used before its declaration [E:/Digital_lab/lab8/Game/Game.srcs/sources_1/new/logic.v:60]
WARNING: [Synth 8-6901] identifier 'nums' is used before its declaration [E:/Digital_lab/lab8/Game/Game.srcs/sources_1/new/render.v:108]
WARNING: [Synth 8-6901] identifier 'nums' is used before its declaration [E:/Digital_lab/lab8/Game/Game.srcs/sources_1/new/render.v:109]
WARNING: [Synth 8-6901] identifier 'nums' is used before its declaration [E:/Digital_lab/lab8/Game/Game.srcs/sources_1/new/render.v:110]
INFO: [Synth 8-11241] undeclared symbol 'clk2', assumed default net type 'wire' [E:/Digital_lab/lab8/Game/Game.srcs/sources_1/new/Top.v:27]
INFO: [Synth 8-11241] undeclared symbol 'waddr', assumed default net type 'wire' [E:/Digital_lab/lab8/Game/Game.srcs/sources_1/new/Top.v:46]
WARNING: [Synth 8-8895] 'waddr' is already implicitly declared on line 46 [E:/Digital_lab/lab8/Game/Game.srcs/sources_1/new/Top.v:65]
---------------------------------------------------------------------------------
Starting RTL Elaboration : Time (s): cpu = 00:00:12 ; elapsed = 00:00:14 . Memory (MB): peak = 1279.219 ; gain = 410.547
---------------------------------------------------------------------------------
INFO: [Synth 8-6157] synthesizing module 'top' [E:/Digital_lab/lab8/Game/Game.srcs/sources_1/new/Top.v:1]
INFO: [Synth 8-6157] synthesizing module 'pclk' [E:/Digital_lab/lab8/Game/Game.runs/synth_1/.Xil/Vivado-25704-LAPTOP-AF2G83QP/realtime/pclk_stub.v:6]
INFO: [Synth 8-6155] done synthesizing module 'pclk' (0#1) [E:/Digital_lab/lab8/Game/Game.runs/synth_1/.Xil/Vivado-25704-LAPTOP-AF2G83QP/realtime/pclk_stub.v:6]
WARNING: [Synth 8-7071] port 'locked' of module 'pclk' is unconnected for instance 'clk_ip' [E:/Digital_lab/lab8/Game/Game.srcs/sources_1/new/Top.v:19]
WARNING: [Synth 8-7023] instance 'clk_ip' of module 'pclk' has 4 connections declared, but only 3 given [E:/Digital_lab/lab8/Game/Game.srcs/sources_1/new/Top.v:19]
INFO: [Synth 8-6157] synthesizing module 'clk2' [E:/Digital_lab/lab8/Game/Game.runs/synth_1/.Xil/Vivado-25704-LAPTOP-AF2G83QP/realtime/clk2_stub.v:6]
INFO: [Synth 8-6155] done synthesizing module 'clk2' (0#1) [E:/Digital_lab/lab8/Game/Game.runs/synth_1/.Xil/Vivado-25704-LAPTOP-AF2G83QP/realtime/clk2_stub.v:6]
WARNING: [Synth 8-7071] port 'locked' of module 'clk2' is unconnected for instance 'clk_ip2' [E:/Digital_lab/lab8/Game/Game.srcs/sources_1/new/Top.v:25]
WARNING: [Synth 8-7023] instance 'clk_ip2' of module 'clk2' has 4 connections declared, but only 3 given [E:/Digital_lab/lab8/Game/Game.srcs/sources_1/new/Top.v:25]
INFO: [Synth 8-6157] synthesizing module 'DST' [E:/Digital_lab/lab8/Game/Game.srcs/sources_1/new/DST.v:23]
INFO: [Synth 8-6157] synthesizing module 'CntS' [E:/Digital_lab/lab8/Game/Game.srcs/sources_1/new/CntS.v:23]
	Parameter WIDTH bound to: 16 - type: integer 
	Parameter RST_VLU bound to: 119 - type: integer 
INFO: [Synth 8-6155] done synthesizing module 'CntS' (0#1) [E:/Digital_lab/lab8/Game/Game.srcs/sources_1/new/CntS.v:23]
INFO: [Synth 8-6157] synthesizing module 'CntS__parameterized0' [E:/Digital_lab/lab8/Game/Game.srcs/sources_1/new/CntS.v:23]
	Parameter WIDTH bound to: 16 - type: integer 
	Parameter RST_VLU bound to: 5 - type: integer 
INFO: [Synth 8-6155] done synthesizing module 'CntS__parameterized0' (0#1) [E:/Digital_lab/lab8/Game/Game.srcs/sources_1/new/CntS.v:23]
INFO: [Synth 8-6155] done synthesizing module 'DST' (0#1) [E:/Digital_lab/lab8/Game/Game.srcs/sources_1/new/DST.v:23]
INFO: [Synth 8-6157] synthesizing module 'VRAM' [E:/Digital_lab/lab8/Game/Game.runs/synth_1/.Xil/Vivado-25704-LAPTOP-AF2G83QP/realtime/VRAM_stub.v:6]
INFO: [Synth 8-6155] done synthesizing module 'VRAM' (0#1) [E:/Digital_lab/lab8/Game/Game.runs/synth_1/.Xil/Vivado-25704-LAPTOP-AF2G83QP/realtime/VRAM_stub.v:6]
WARNING: [Synth 8-7071] port 'wea' of module 'VRAM' is unconnected for instance 'Vram' [E:/Digital_lab/lab8/Game/Game.srcs/sources_1/new/Top.v:48]
WARNING: [Synth 8-7071] port 'dina' of module 'VRAM' is unconnected for instance 'Vram' [E:/Digital_lab/lab8/Game/Game.srcs/sources_1/new/Top.v:48]
WARNING: [Synth 8-7071] port 'doutb' of module 'VRAM' is unconnected for instance 'Vram' [E:/Digital_lab/lab8/Game/Game.srcs/sources_1/new/Top.v:48]
WARNING: [Synth 8-7023] instance 'Vram' of module 'VRAM' has 12 connections declared, but only 9 given [E:/Digital_lab/lab8/Game/Game.srcs/sources_1/new/Top.v:48]
INFO: [Synth 8-6157] synthesizing module 'keyboard' [E:/Digital_lab/lab8/Game/Game.srcs/sources_1/new/keyboard.v:1]
INFO: [Synth 8-6155] done synthesizing module 'keyboard' (0#1) [E:/Digital_lab/lab8/Game/Game.srcs/sources_1/new/keyboard.v:1]
INFO: [Synth 8-155] case statement is not full and has no default [E:/Digital_lab/lab8/Game/Game.srcs/sources_1/new/Top.v:88]
INFO: [Synth 8-6157] synthesizing module 'mylogic' [E:/Digital_lab/lab8/Game/Game.srcs/sources_1/new/logic.v:3]
INFO: [Synth 8-6155] done synthesizing module 'mylogic' (0#1) [E:/Digital_lab/lab8/Game/Game.srcs/sources_1/new/logic.v:3]
INFO: [Synth 8-6157] synthesizing module 'render' [E:/Digital_lab/lab8/Game/Game.srcs/sources_1/new/render.v:23]
INFO: [Synth 8-6157] synthesizing module 'bg' [E:/Digital_lab/lab8/Game/Game.runs/synth_1/.Xil/Vivado-25704-LAPTOP-AF2G83QP/realtime/bg_stub.v:6]
INFO: [Synth 8-6155] done synthesizing module 'bg' (0#1) [E:/Digital_lab/lab8/Game/Game.runs/synth_1/.Xil/Vivado-25704-LAPTOP-AF2G83QP/realtime/bg_stub.v:6]
WARNING: [Synth 8-689] width (32) of port connection 'addra' does not match port width (15) of module 'bg' [E:/Digital_lab/lab8/Game/Game.srcs/sources_1/new/render.v:51]
WARNING: [Synth 8-7071] port 'wea' of module 'bg' is unconnected for instance 'BG' [E:/Digital_lab/lab8/Game/Game.srcs/sources_1/new/render.v:48]
WARNING: [Synth 8-7071] port 'dina' of module 'bg' is unconnected for instance 'BG' [E:/Digital_lab/lab8/Game/Game.srcs/sources_1/new/render.v:48]
WARNING: [Synth 8-7023] instance 'BG' of module 'bg' has 6 connections declared, but only 4 given [E:/Digital_lab/lab8/Game/Game.srcs/sources_1/new/render.v:48]
INFO: [Synth 8-6157] synthesizing module 'ui' [E:/Digital_lab/lab8/Game/Game.runs/synth_1/.Xil/Vivado-25704-LAPTOP-AF2G83QP/realtime/ui_stub.v:6]
INFO: [Synth 8-6155] done synthesizing module 'ui' (0#1) [E:/Digital_lab/lab8/Game/Game.runs/synth_1/.Xil/Vivado-25704-LAPTOP-AF2G83QP/realtime/ui_stub.v:6]
WARNING: [Synth 8-689] width (32) of port connection 'addra' does not match port width (15) of module 'ui' [E:/Digital_lab/lab8/Game/Game.srcs/sources_1/new/render.v:58]
WARNING: [Synth 8-7071] port 'wea' of module 'ui' is unconnected for instance 'UI' [E:/Digital_lab/lab8/Game/Game.srcs/sources_1/new/render.v:55]
WARNING: [Synth 8-7071] port 'dina' of module 'ui' is unconnected for instance 'UI' [E:/Digital_lab/lab8/Game/Game.srcs/sources_1/new/render.v:55]
WARNING: [Synth 8-7023] instance 'UI' of module 'ui' has 6 connections declared, but only 4 given [E:/Digital_lab/lab8/Game/Game.srcs/sources_1/new/render.v:55]
INFO: [Synth 8-6157] synthesizing module 'blocks' [E:/Digital_lab/lab8/Game/Game.runs/synth_1/.Xil/Vivado-25704-LAPTOP-AF2G83QP/realtime/blocks_stub.v:6]
INFO: [Synth 8-6155] done synthesizing module 'blocks' (0#1) [E:/Digital_lab/lab8/Game/Game.runs/synth_1/.Xil/Vivado-25704-LAPTOP-AF2G83QP/realtime/blocks_stub.v:6]
WARNING: [Synth 8-689] width (32) of port connection 'addra' does not match port width (6) of module 'blocks' [E:/Digital_lab/lab8/Game/Game.srcs/sources_1/new/render.v:66]
WARNING: [Synth 8-7071] port 'wea' of module 'blocks' is unconnected for instance 'BLK' [E:/Digital_lab/lab8/Game/Game.srcs/sources_1/new/render.v:63]
WARNING: [Synth 8-7071] port 'dina' of module 'blocks' is unconnected for instance 'BLK' [E:/Digital_lab/lab8/Game/Game.srcs/sources_1/new/render.v:63]
WARNING: [Synth 8-7023] instance 'BLK' of module 'blocks' has 6 connections declared, but only 4 given [E:/Digital_lab/lab8/Game/Game.srcs/sources_1/new/render.v:63]
INFO: [Synth 8-6157] synthesizing module 'blocks2' [E:/Digital_lab/lab8/Game/Game.runs/synth_1/.Xil/Vivado-25704-LAPTOP-AF2G83QP/realtime/blocks2_stub.v:6]
INFO: [Synth 8-6155] done synthesizing module 'blocks2' (0#1) [E:/Digital_lab/lab8/Game/Game.runs/synth_1/.Xil/Vivado-25704-LAPTOP-AF2G83QP/realtime/blocks2_stub.v:6]
WARNING: [Synth 8-689] width (32) of port connection 'addra' does not match port width (6) of module 'blocks2' [E:/Digital_lab/lab8/Game/Game.srcs/sources_1/new/render.v:72]
WARNING: [Synth 8-7071] port 'wea' of module 'blocks2' is unconnected for instance 'BLK2' [E:/Digital_lab/lab8/Game/Game.srcs/sources_1/new/render.v:69]
WARNING: [Synth 8-7071] port 'dina' of module 'blocks2' is unconnected for instance 'BLK2' [E:/Digital_lab/lab8/Game/Game.srcs/sources_1/new/render.v:69]
WARNING: [Synth 8-7023] instance 'BLK2' of module 'blocks2' has 6 connections declared, but only 4 given [E:/Digital_lab/lab8/Game/Game.srcs/sources_1/new/render.v:69]
INFO: [Synth 8-155] case statement is not full and has no default [E:/Digital_lab/lab8/Game/Game.srcs/sources_1/new/render.v:81]
INFO: [Synth 8-155] case statement is not full and has no default [E:/Digital_lab/lab8/Game/Game.srcs/sources_1/new/render.v:92]
INFO: [Synth 8-6155] done synthesizing module 'render' (0#1) [E:/Digital_lab/lab8/Game/Game.srcs/sources_1/new/render.v:23]
INFO: [Synth 8-6157] synthesizing module 'DDP' [E:/Digital_lab/lab8/Game/Game.srcs/sources_1/new/DDP.v:105]
	Parameter DW bound to: 15 - type: integer 
	Parameter H_LEN bound to: 200 - type: integer 
	Parameter V_LEN bound to: 150 - type: integer 
INFO: [Synth 8-6157] synthesizing module 'PS' [E:/Digital_lab/lab8/Game/Game.srcs/sources_1/new/PS.v:23]
	Parameter WIDTH bound to: 1 - type: integer 
INFO: [Synth 8-6155] done synthesizing module 'PS' (0#1) [E:/Digital_lab/lab8/Game/Game.srcs/sources_1/new/PS.v:23]
INFO: [Synth 8-6155] done synthesizing module 'DDP' (0#1) [E:/Digital_lab/lab8/Game/Game.srcs/sources_1/new/DDP.v:105]
INFO: [Synth 8-6155] done synthesizing module 'top' (0#1) [E:/Digital_lab/lab8/Game/Game.srcs/sources_1/new/Top.v:1]
WARNING: [Synth 8-6014] Unused sequential element row_reg was removed.  [E:/Digital_lab/lab8/Game/Game.srcs/sources_1/new/logic.v:287]
WARNING: [Synth 8-6014] Unused sequential element col_reg was removed.  [E:/Digital_lab/lab8/Game/Game.srcs/sources_1/new/logic.v:288]
WARNING: [Synth 8-7137] Register cur_shape_reg in module mylogic has both Set and reset with same priority. This may cause simulation mismatches. Consider rewriting code  [E:/Digital_lab/lab8/Game/Game.srcs/sources_1/new/logic.v:172]
WARNING: [Synth 8-7137] Register lines_to_clear_reg in module mylogic has both Set and reset with same priority. This may cause simulation mismatches. Consider rewriting code  [E:/Digital_lab/lab8/Game/Game.srcs/sources_1/new/logic.v:297]
WARNING: [Synth 8-7137] Register clear_index_reg in module mylogic has both Set and reset with same priority. This may cause simulation mismatches. Consider rewriting code  [E:/Digital_lab/lab8/Game/Game.srcs/sources_1/new/logic.v:299]
WARNING: [Synth 8-7137] Register shift_row_reg in module mylogic has both Set and reset with same priority. This may cause simulation mismatches. Consider rewriting code  [E:/Digital_lab/lab8/Game/Game.srcs/sources_1/new/logic.v:304]
WARNING: [Synth 8-7137] Register temp_reg in module top has both Set and reset with same priority. This may cause simulation mismatches. Consider rewriting code  [E:/Digital_lab/lab8/Game/Game.srcs/sources_1/new/Top.v:85]
---------------------------------------------------------------------------------
Finished RTL Elaboration : Time (s): cpu = 00:00:13 ; elapsed = 00:00:16 . Memory (MB): peak = 1394.535 ; gain = 525.863
---------------------------------------------------------------------------------
---------------------------------------------------------------------------------
Start Handling Custom Attributes
---------------------------------------------------------------------------------
---------------------------------------------------------------------------------
Finished Handling Custom Attributes : Time (s): cpu = 00:00:13 ; elapsed = 00:00:17 . Memory (MB): peak = 1394.535 ; gain = 525.863
---------------------------------------------------------------------------------
---------------------------------------------------------------------------------
Finished RTL Optimization Phase 1 : Time (s): cpu = 00:00:13 ; elapsed = 00:00:17 . Memory (MB): peak = 1394.535 ; gain = 525.863
---------------------------------------------------------------------------------
Netlist sorting complete. Time (s): cpu = 00:00:00 ; elapsed = 00:00:00.079 . Memory (MB): peak = 1394.535 ; gain = 0.000
INFO: [Project 1-570] Preparing netlist for logic optimization

Processing XDC Constraints
Initializing timing engine
Parsing XDC File [e:/Digital_lab/lab8/Game/Game.gen/sources_1/ip/VRAM/VRAM/VRAM_in_context.xdc] for cell 'Vram'
Finished Parsing XDC File [e:/Digital_lab/lab8/Game/Game.gen/sources_1/ip/VRAM/VRAM/VRAM_in_context.xdc] for cell 'Vram'
Parsing XDC File [e:/Digital_lab/lab8/Game/Game.gen/sources_1/ip/pclk/pclk/pclk_in_context.xdc] for cell 'clk_ip'
Finished Parsing XDC File [e:/Digital_lab/lab8/Game/Game.gen/sources_1/ip/pclk/pclk/pclk_in_context.xdc] for cell 'clk_ip'
Parsing XDC File [e:/Digital_lab/lab8/Game/Game.gen/sources_1/ip/bg/bg/bg_in_context.xdc] for cell 'rend/BG'
Finished Parsing XDC File [e:/Digital_lab/lab8/Game/Game.gen/sources_1/ip/bg/bg/bg_in_context.xdc] for cell 'rend/BG'
Parsing XDC File [e:/Digital_lab/lab8/Game/Game.gen/sources_1/ip/ui/ui/ui_in_context.xdc] for cell 'rend/UI'
Finished Parsing XDC File [e:/Digital_lab/lab8/Game/Game.gen/sources_1/ip/ui/ui/ui_in_context.xdc] for cell 'rend/UI'
Parsing XDC File [e:/Digital_lab/lab8/Game/Game.gen/sources_1/ip/blocks/blocks/blocks_in_context.xdc] for cell 'rend/BLK'
Finished Parsing XDC File [e:/Digital_lab/lab8/Game/Game.gen/sources_1/ip/blocks/blocks/blocks_in_context.xdc] for cell 'rend/BLK'
Parsing XDC File [e:/Digital_lab/lab8/Game/Game.gen/sources_1/ip/clk2/clk2/clk2_in_context.xdc] for cell 'clk_ip2'
WARNING: [Constraints 18-619] A clock with name 'clk' already exists, overwriting the previous clock with the same name. [e:/Digital_lab/lab8/Game/Game.gen/sources_1/ip/clk2/clk2/clk2_in_context.xdc:1]
Finished Parsing XDC File [e:/Digital_lab/lab8/Game/Game.gen/sources_1/ip/clk2/clk2/clk2_in_context.xdc] for cell 'clk_ip2'
Parsing XDC File [e:/Digital_lab/lab8/Game/Game.gen/sources_1/ip/blocks2/blocks2/blocks2_in_context.xdc] for cell 'rend/BLK2'
Finished Parsing XDC File [e:/Digital_lab/lab8/Game/Game.gen/sources_1/ip/blocks2/blocks2/blocks2_in_context.xdc] for cell 'rend/BLK2'
Parsing XDC File [E:/Digital_lab/lab8/Game.xdc]
Finished Parsing XDC File [E:/Digital_lab/lab8/Game.xdc]
INFO: [Project 1-236] Implementation specific constraints were found while reading constraint file [E:/Digital_lab/lab8/Game.xdc]. These constraints will be ignored for synthesis but will be used in implementation. Impacted constraints are listed in the file [.Xil/top_propImpl.xdc].
Resolution: To avoid this warning, move constraints listed in [.Xil/top_propImpl.xdc] to another XDC file and exclude this new file from synthesis with the used_in_synthesis property (File Properties dialog in GUI) and re-run elaboration/synthesis.
Parsing XDC File [E:/Digital_lab/lab8/Game/Game.runs/synth_1/dont_touch.xdc]
Finished Parsing XDC File [E:/Digital_lab/lab8/Game/Game.runs/synth_1/dont_touch.xdc]
Completed Processing XDC Constraints

Netlist sorting complete. Time (s): cpu = 00:00:00 ; elapsed = 00:00:00.001 . Memory (MB): peak = 1505.047 ; gain = 0.000
INFO: [Project 1-111] Unisim Transformation Summary:
No Unisim elements were transformed.

Constraint Validation Runtime : Time (s): cpu = 00:00:00 ; elapsed = 00:00:00.013 . Memory (MB): peak = 1505.047 ; gain = 0.000
WARNING: [Timing 38-316] Clock period '20.000' specified during out-of-context synthesis of instance 'Vram' at clock pin 'clkb' is different from the actual clock period '10.000', this can lead to different synthesis results.
WARNING: [Timing 38-316] Clock period '20.000' specified during out-of-context synthesis of instance 'rend/BG' at clock pin 'clka' is different from the actual clock period '10.000', this can lead to different synthesis results.
WARNING: [Timing 38-316] Clock period '20.000' specified during out-of-context synthesis of instance 'rend/BLK' at clock pin 'clka' is different from the actual clock period '10.000', this can lead to different synthesis results.
WARNING: [Timing 38-316] Clock period '20.000' specified during out-of-context synthesis of instance 'rend/BLK2' at clock pin 'clka' is different from the actual clock period '10.000', this can lead to different synthesis results.
WARNING: [Timing 38-316] Clock period '20.000' specified during out-of-context synthesis of instance 'rend/UI' at clock pin 'clka' is different from the actual clock period '10.000', this can lead to different synthesis results.
INFO: [Designutils 20-5440] No compile time benefit to using incremental synthesis; A full resynthesis will be run
INFO: [Designutils 20-4379] Flow is switching to default flow due to incremental criteria not met. If you would like to alter this behaviour and have the flow terminate instead, please set the following parameter config_implementation {autoIncr.Synth.RejectBehavior Terminate}
---------------------------------------------------------------------------------
Finished Constraint Validation : Time (s): cpu = 00:00:19 ; elapsed = 00:00:27 . Memory (MB): peak = 1505.070 ; gain = 636.398
---------------------------------------------------------------------------------
---------------------------------------------------------------------------------
Start Loading Part and Timing Information
---------------------------------------------------------------------------------
Loading part: xc7a100ticsg324-1L
---------------------------------------------------------------------------------
Finished Loading Part and Timing Information : Time (s): cpu = 00:00:19 ; elapsed = 00:00:27 . Memory (MB): peak = 1505.070 ; gain = 636.398
---------------------------------------------------------------------------------
---------------------------------------------------------------------------------
Start Applying 'set_property' XDC Constraints
---------------------------------------------------------------------------------
Applied set_property IO_BUFFER_TYPE = NONE for clk. (constraint file  e:/Digital_lab/lab8/Game/Game.gen/sources_1/ip/clk2/clk2/clk2_in_context.xdc, line 3).
Applied set_property CLOCK_BUFFER_TYPE = NONE for clk. (constraint file  e:/Digital_lab/lab8/Game/Game.gen/sources_1/ip/clk2/clk2/clk2_in_context.xdc, line 4).
Applied set_property KEEP_HIERARCHY = SOFT for Vram. (constraint file  auto generated constraint).
Applied set_property KEEP_HIERARCHY = SOFT for clk_ip. (constraint file  auto generated constraint).
Applied set_property KEEP_HIERARCHY = SOFT for rend/BG. (constraint file  auto generated constraint).
Applied set_property KEEP_HIERARCHY = SOFT for rend/UI. (constraint file  auto generated constraint).
Applied set_property KEEP_HIERARCHY = SOFT for rend/BLK. (constraint file  auto generated constraint).
Applied set_property KEEP_HIERARCHY = SOFT for clk_ip2. (constraint file  auto generated constraint).
Applied set_property KEEP_HIERARCHY = SOFT for rend/BLK2. (constraint file  auto generated constraint).
---------------------------------------------------------------------------------
Finished applying 'set_property' XDC Constraints : Time (s): cpu = 00:00:19 ; elapsed = 00:00:27 . Memory (MB): peak = 1505.070 ; gain = 636.398
---------------------------------------------------------------------------------
WARNING: [Synth 8-327] inferring latch for variable 'data_block_reg' [E:/Digital_lab/lab8/Game/Game.srcs/sources_1/new/render.v:82]
WARNING: [Synth 8-327] inferring latch for variable 'next_data_block_reg' [E:/Digital_lab/lab8/Game/Game.srcs/sources_1/new/render.v:93]
---------------------------------------------------------------------------------
Finished RTL Optimization Phase 2 : Time (s): cpu = 00:00:20 ; elapsed = 00:00:28 . Memory (MB): peak = 1505.070 ; gain = 636.398
---------------------------------------------------------------------------------
---------------------------------------------------------------------------------
Start RTL Component Statistics 
---------------------------------------------------------------------------------
Detailed RTL Component Info : 
+---Adders : 
	   2 Input   32 Bit       Adders := 15    
	   3 Input   32 Bit       Adders := 6     
	   2 Input   16 Bit       Adders := 2     
	   2 Input   15 Bit       Adders := 1     
	   4 Input   15 Bit       Adders := 1     
	   2 Input   13 Bit       Adders := 4     
	   2 Input   12 Bit       Adders := 4     
	   2 Input   11 Bit       Adders := 1     
	   3 Input    7 Bit       Adders := 3     
	   2 Input    7 Bit       Adders := 1     
	   2 Input    6 Bit       Adders := 2     
	   2 Input    5 Bit       Adders := 8     
	   2 Input    4 Bit       Adders := 4     
	   3 Input    4 Bit       Adders := 2     
	   2 Input    3 Bit       Adders := 4     
	   2 Input    2 Bit       Adders := 4     
+---XORs : 
	                8 Bit    Wide XORs := 1     
+---Registers : 
	              150 Bit    Registers := 1     
	               32 Bit    Registers := 1     
	               16 Bit    Registers := 3     
	               15 Bit    Registers := 1     
	               12 Bit    Registers := 3     
	               11 Bit    Registers := 2     
	               10 Bit    Registers := 1     
	                8 Bit    Registers := 1     
	                5 Bit    Registers := 2     
	                4 Bit    Registers := 6     
	                3 Bit    Registers := 2     
	                2 Bit    Registers := 4     
	                1 Bit    Registers := 19    
+---Multipliers : 
	               4x32  Multipliers := 1     
+---Muxes : 
	   2 Input  150 Bit        Muxes := 63    
	  16 Input  150 Bit        Muxes := 2     
	  11 Input   81 Bit        Muxes := 3     
	   2 Input   32 Bit        Muxes := 1     
	  16 Input   32 Bit        Muxes := 1     
	   5 Input   32 Bit        Muxes := 1     
	   2 Input   16 Bit        Muxes := 3     
	  29 Input   16 Bit        Muxes := 3     
	  16 Input   16 Bit        Muxes := 1     
	   2 Input   15 Bit        Muxes := 9     
	  16 Input   15 Bit        Muxes := 2     
	   3 Input   12 Bit        Muxes := 2     
	   4 Input   12 Bit        Muxes := 1     
	   2 Input   12 Bit        Muxes := 19    
	   8 Input   12 Bit        Muxes := 2     
	   4 Input   11 Bit        Muxes := 1     
	   2 Input   11 Bit        Muxes := 4     
	   3 Input   11 Bit        Muxes := 1     
	  16 Input   11 Bit        Muxes := 1     
	   4 Input   10 Bit        Muxes := 2     
	  16 Input    5 Bit        Muxes := 2     
	   2 Input    5 Bit        Muxes := 1     
	   2 Input    4 Bit        Muxes := 10    
	  16 Input    4 Bit        Muxes := 3     
	   4 Input    4 Bit        Muxes := 1     
	  16 Input    3 Bit        Muxes := 2     
	   2 Input    3 Bit        Muxes := 3     
	   4 Input    3 Bit        Muxes := 1     
	   2 Input    2 Bit        Muxes := 1     
	   4 Input    1 Bit        Muxes := 4     
	   2 Input    1 Bit        Muxes := 60    
	   3 Input    1 Bit        Muxes := 5     
	  16 Input    1 Bit        Muxes := 13    
	   8 Input    1 Bit        Muxes := 2     
	   6 Input    1 Bit        Muxes := 4     
---------------------------------------------------------------------------------
Finished RTL Component Statistics 
---------------------------------------------------------------------------------
---------------------------------------------------------------------------------
Start Part Resource Summary
---------------------------------------------------------------------------------
Part Resources:
DSPs: 240 (col length:80)
BRAMs: 270 (col length: RAMB18 80 RAMB36 40)
---------------------------------------------------------------------------------
Finished Part Resource Summary
---------------------------------------------------------------------------------
---------------------------------------------------------------------------------
Start Cross Boundary and Area Optimization
---------------------------------------------------------------------------------
WARNING: [Synth 8-7080] Parallel synthesis criteria is not met
DSP Report: Generating DSP addra0, operation Mode is: C'+A2*(B:0xc8).
DSP Report: register i_reg is absorbed into DSP addra0.
DSP Report: register j_reg is absorbed into DSP addra0.
DSP Report: operator addra0 is absorbed into DSP addra0.
DSP Report: operator addra1 is absorbed into DSP addra0.
WARNING: [Synth 8-3332] Sequential element (lines_to_clear_reg[14]_LDC) is unused and will be removed from module mylogic.
WARNING: [Synth 8-3332] Sequential element (lines_to_clear_reg[14]_C) is unused and will be removed from module mylogic.
WARNING: [Synth 8-3332] Sequential element (lines_to_clear_reg[13]_LDC) is unused and will be removed from module mylogic.
WARNING: [Synth 8-3332] Sequential element (lines_to_clear_reg[13]_C) is unused and will be removed from module mylogic.
WARNING: [Synth 8-3332] Sequential element (lines_to_clear_reg[12]_LDC) is unused and will be removed from module mylogic.
WARNING: [Synth 8-3332] Sequential element (lines_to_clear_reg[12]_C) is unused and will be removed from module mylogic.
WARNING: [Synth 8-3332] Sequential element (lines_to_clear_reg[11]_LDC) is unused and will be removed from module mylogic.
WARNING: [Synth 8-3332] Sequential element (lines_to_clear_reg[11]_C) is unused and will be removed from module mylogic.
WARNING: [Synth 8-3332] Sequential element (lines_to_clear_reg[10]_LDC) is unused and will be removed from module mylogic.
WARNING: [Synth 8-3332] Sequential element (lines_to_clear_reg[10]_C) is unused and will be removed from module mylogic.
WARNING: [Synth 8-3332] Sequential element (lines_to_clear_reg[9]_LDC) is unused and will be removed from module mylogic.
WARNING: [Synth 8-3332] Sequential element (lines_to_clear_reg[9]_C) is unused and will be removed from module mylogic.
WARNING: [Synth 8-3332] Sequential element (lines_to_clear_reg[8]_LDC) is unused and will be removed from module mylogic.
WARNING: [Synth 8-3332] Sequential element (lines_to_clear_reg[8]_C) is unused and will be removed from module mylogic.
WARNING: [Synth 8-3332] Sequential element (lines_to_clear_reg[7]_LDC) is unused and will be removed from module mylogic.
WARNING: [Synth 8-3332] Sequential element (lines_to_clear_reg[7]_C) is unused and will be removed from module mylogic.
WARNING: [Synth 8-3332] Sequential element (lines_to_clear_reg[6]_LDC) is unused and will be removed from module mylogic.
WARNING: [Synth 8-3332] Sequential element (lines_to_clear_reg[6]_C) is unused and will be removed from module mylogic.
WARNING: [Synth 8-3332] Sequential element (lines_to_clear_reg[5]_LDC) is unused and will be removed from module mylogic.
WARNING: [Synth 8-3332] Sequential element (lines_to_clear_reg[5]_C) is unused and will be removed from module mylogic.
WARNING: [Synth 8-3332] Sequential element (lines_to_clear_reg[4]_LDC) is unused and will be removed from module mylogic.
WARNING: [Synth 8-3332] Sequential element (lines_to_clear_reg[4]_C) is unused and will be removed from module mylogic.
WARNING: [Synth 8-3332] Sequential element (lines_to_clear_reg[3]_LDC) is unused and will be removed from module mylogic.
WARNING: [Synth 8-3332] Sequential element (lines_to_clear_reg[3]_C) is unused and will be removed from module mylogic.
WARNING: [Synth 8-3332] Sequential element (lines_to_clear_reg[2]_LDC) is unused and will be removed from module mylogic.
WARNING: [Synth 8-3332] Sequential element (lines_to_clear_reg[2]_C) is unused and will be removed from module mylogic.
WARNING: [Synth 8-3332] Sequential element (lines_to_clear_reg[1]_LDC) is unused and will be removed from module mylogic.
WARNING: [Synth 8-3332] Sequential element (lines_to_clear_reg[1]_C) is unused and will be removed from module mylogic.
WARNING: [Synth 8-3332] Sequential element (lines_to_clear_reg[0]_LDC) is unused and will be removed from module mylogic.
WARNING: [Synth 8-3332] Sequential element (lines_to_clear_reg[0]_C) is unused and will be removed from module mylogic.
---------------------------------------------------------------------------------
Finished Cross Boundary and Area Optimization : Time (s): cpu = 00:00:43 ; elapsed = 00:00:53 . Memory (MB): peak = 1505.070 ; gain = 636.398
---------------------------------------------------------------------------------
---------------------------------------------------------------------------------
Start ROM, RAM, DSP, Shift Register and Retiming Reporting
---------------------------------------------------------------------------------

DSP: Preliminary Mapping Report (see note below. The ' indicates corresponding REG is set)
+------------+----------------+--------+--------+--------+--------+--------+------+------+------+------+-------+------+------+
|Module Name | DSP Mapping    | A Size | B Size | C Size | D Size | P Size | AREG | BREG | CREG | DREG | ADREG | MREG | PREG | 
+------------+----------------+--------+--------+--------+--------+--------+------+------+------+------+-------+------+------+
|render      | C'+A2*(B:0xc8) | 12     | 8      | 12     | -      | 15     | 1    | 0    | 1    | -    | -     | 0    | 0    | 
+------------+----------------+--------+--------+--------+--------+--------+------+------+------+------+-------+------+------+

Note: The table above is a preliminary report that shows the DSPs inferred at the current stage of the synthesis flow. Some DSP may be reimplemented as non DSP primitives later in the synthesis flow. Multiple instantiated DSPs are reported only once.
---------------------------------------------------------------------------------
Finished ROM, RAM, DSP, Shift Register and Retiming Reporting
---------------------------------------------------------------------------------
---------------------------------------------------------------------------------
Start Applying XDC Timing Constraints
---------------------------------------------------------------------------------
WARNING: [Synth 8-565] redefining clock 'clk'
---------------------------------------------------------------------------------
Finished Applying XDC Timing Constraints : Time (s): cpu = 00:00:51 ; elapsed = 00:01:02 . Memory (MB): peak = 1505.070 ; gain = 636.398
---------------------------------------------------------------------------------
---------------------------------------------------------------------------------
Start Timing Optimization
---------------------------------------------------------------------------------
---------------------------------------------------------------------------------
Finished Timing Optimization : Time (s): cpu = 00:00:57 ; elapsed = 00:01:11 . Memory (MB): peak = 1506.668 ; gain = 637.996
---------------------------------------------------------------------------------
---------------------------------------------------------------------------------
Start Technology Mapping
---------------------------------------------------------------------------------
---------------------------------------------------------------------------------
Finished Technology Mapping : Time (s): cpu = 00:01:02 ; elapsed = 00:01:18 . Memory (MB): peak = 1664.648 ; gain = 795.977
---------------------------------------------------------------------------------
---------------------------------------------------------------------------------
Start IO Insertion
---------------------------------------------------------------------------------
---------------------------------------------------------------------------------
Start Flattening Before IO Insertion
---------------------------------------------------------------------------------
---------------------------------------------------------------------------------
Finished Flattening Before IO Insertion
---------------------------------------------------------------------------------
---------------------------------------------------------------------------------
Start Final Netlist Cleanup
---------------------------------------------------------------------------------
---------------------------------------------------------------------------------
Finished Final Netlist Cleanup
---------------------------------------------------------------------------------
CRITICAL WARNING: [Synth 8-4442] BlackBox module \rend/BG  has unconnected pin wea[0]
CRITICAL WARNING: [Synth 8-4442] BlackBox module \rend/BG  has unconnected pin dina[11]
CRITICAL WARNING: [Synth 8-4442] BlackBox module \rend/BG  has unconnected pin dina[10]
CRITICAL WARNING: [Synth 8-4442] BlackBox module \rend/BG  has unconnected pin dina[9]
CRITICAL WARNING: [Synth 8-4442] BlackBox module \rend/BG  has unconnected pin dina[8]
CRITICAL WARNING: [Synth 8-4442] BlackBox module \rend/BG  has unconnected pin dina[7]
CRITICAL WARNING: [Synth 8-4442] BlackBox module \rend/BG  has unconnected pin dina[6]
CRITICAL WARNING: [Synth 8-4442] BlackBox module \rend/BG  has unconnected pin dina[5]
CRITICAL WARNING: [Synth 8-4442] BlackBox module \rend/BG  has unconnected pin dina[4]
CRITICAL WARNING: [Synth 8-4442] BlackBox module \rend/BG  has unconnected pin dina[3]
CRITICAL WARNING: [Synth 8-4442] BlackBox module \rend/BG  has unconnected pin dina[2]
CRITICAL WARNING: [Synth 8-4442] BlackBox module \rend/BG  has unconnected pin dina[1]
CRITICAL WARNING: [Synth 8-4442] BlackBox module \rend/BG  has unconnected pin dina[0]
CRITICAL WARNING: [Synth 8-4442] BlackBox module \rend/UI  has unconnected pin wea[0]
CRITICAL WARNING: [Synth 8-4442] BlackBox module \rend/UI  has unconnected pin dina[11]
CRITICAL WARNING: [Synth 8-4442] BlackBox module \rend/UI  has unconnected pin dina[10]
CRITICAL WARNING: [Synth 8-4442] BlackBox module \rend/UI  has unconnected pin dina[9]
CRITICAL WARNING: [Synth 8-4442] BlackBox module \rend/UI  has unconnected pin dina[8]
CRITICAL WARNING: [Synth 8-4442] BlackBox module \rend/UI  has unconnected pin dina[7]
CRITICAL WARNING: [Synth 8-4442] BlackBox module \rend/UI  has unconnected pin dina[6]
CRITICAL WARNING: [Synth 8-4442] BlackBox module \rend/UI  has unconnected pin dina[5]
CRITICAL WARNING: [Synth 8-4442] BlackBox module \rend/UI  has unconnected pin dina[4]
CRITICAL WARNING: [Synth 8-4442] BlackBox module \rend/UI  has unconnected pin dina[3]
CRITICAL WARNING: [Synth 8-4442] BlackBox module \rend/UI  has unconnected pin dina[2]
CRITICAL WARNING: [Synth 8-4442] BlackBox module \rend/UI  has unconnected pin dina[1]
CRITICAL WARNING: [Synth 8-4442] BlackBox module \rend/UI  has unconnected pin dina[0]
CRITICAL WARNING: [Synth 8-4442] BlackBox module \rend/BLK  has unconnected pin wea[0]
CRITICAL WARNING: [Synth 8-4442] BlackBox module \rend/BLK  has unconnected pin dina[15]
CRITICAL WARNING: [Synth 8-4442] BlackBox module \rend/BLK  has unconnected pin dina[14]
CRITICAL WARNING: [Synth 8-4442] BlackBox module \rend/BLK  has unconnected pin dina[13]
CRITICAL WARNING: [Synth 8-4442] BlackBox module \rend/BLK  has unconnected pin dina[12]
CRITICAL WARNING: [Synth 8-4442] BlackBox module \rend/BLK  has unconnected pin dina[11]
CRITICAL WARNING: [Synth 8-4442] BlackBox module \rend/BLK  has unconnected pin dina[10]
CRITICAL WARNING: [Synth 8-4442] BlackBox module \rend/BLK  has unconnected pin dina[9]
CRITICAL WARNING: [Synth 8-4442] BlackBox module \rend/BLK  has unconnected pin dina[8]
CRITICAL WARNING: [Synth 8-4442] BlackBox module \rend/BLK  has unconnected pin dina[7]
CRITICAL WARNING: [Synth 8-4442] BlackBox module \rend/BLK  has unconnected pin dina[6]
CRITICAL WARNING: [Synth 8-4442] BlackBox module \rend/BLK  has unconnected pin dina[5]
CRITICAL WARNING: [Synth 8-4442] BlackBox module \rend/BLK  has unconnected pin dina[4]
CRITICAL WARNING: [Synth 8-4442] BlackBox module \rend/BLK  has unconnected pin dina[3]
CRITICAL WARNING: [Synth 8-4442] BlackBox module \rend/BLK  has unconnected pin dina[2]
CRITICAL WARNING: [Synth 8-4442] BlackBox module \rend/BLK  has unconnected pin dina[1]
CRITICAL WARNING: [Synth 8-4442] BlackBox module \rend/BLK  has unconnected pin dina[0]
CRITICAL WARNING: [Synth 8-4442] BlackBox module \rend/BLK2  has unconnected pin wea[0]
CRITICAL WARNING: [Synth 8-4442] BlackBox module \rend/BLK2  has unconnected pin dina[15]
CRITICAL WARNING: [Synth 8-4442] BlackBox module \rend/BLK2  has unconnected pin dina[14]
CRITICAL WARNING: [Synth 8-4442] BlackBox module \rend/BLK2  has unconnected pin dina[13]
CRITICAL WARNING: [Synth 8-4442] BlackBox module \rend/BLK2  has unconnected pin dina[12]
CRITICAL WARNING: [Synth 8-4442] BlackBox module \rend/BLK2  has unconnected pin dina[11]
CRITICAL WARNING: [Synth 8-4442] BlackBox module \rend/BLK2  has unconnected pin dina[10]
CRITICAL WARNING: [Synth 8-4442] BlackBox module \rend/BLK2  has unconnected pin dina[9]
CRITICAL WARNING: [Synth 8-4442] BlackBox module \rend/BLK2  has unconnected pin dina[8]
CRITICAL WARNING: [Synth 8-4442] BlackBox module \rend/BLK2  has unconnected pin dina[7]
CRITICAL WARNING: [Synth 8-4442] BlackBox module \rend/BLK2  has unconnected pin dina[6]
CRITICAL WARNING: [Synth 8-4442] BlackBox module \rend/BLK2  has unconnected pin dina[5]
CRITICAL WARNING: [Synth 8-4442] BlackBox module \rend/BLK2  has unconnected pin dina[4]
CRITICAL WARNING: [Synth 8-4442] BlackBox module \rend/BLK2  has unconnected pin dina[3]
CRITICAL WARNING: [Synth 8-4442] BlackBox module \rend/BLK2  has unconnected pin dina[2]
CRITICAL WARNING: [Synth 8-4442] BlackBox module \rend/BLK2  has unconnected pin dina[1]
CRITICAL WARNING: [Synth 8-4442] BlackBox module \rend/BLK2  has unconnected pin dina[0]
CRITICAL WARNING: [Synth 8-4442] BlackBox module Vram has unconnected pin wea[0]
CRITICAL WARNING: [Synth 8-4442] BlackBox module Vram has unconnected pin dina[11]
CRITICAL WARNING: [Synth 8-4442] BlackBox module Vram has unconnected pin dina[10]
CRITICAL WARNING: [Synth 8-4442] BlackBox module Vram has unconnected pin dina[9]
CRITICAL WARNING: [Synth 8-4442] BlackBox module Vram has unconnected pin dina[8]
CRITICAL WARNING: [Synth 8-4442] BlackBox module Vram has unconnected pin dina[7]
CRITICAL WARNING: [Synth 8-4442] BlackBox module Vram has unconnected pin dina[6]
CRITICAL WARNING: [Synth 8-4442] BlackBox module Vram has unconnected pin dina[5]
CRITICAL WARNING: [Synth 8-4442] BlackBox module Vram has unconnected pin dina[4]
CRITICAL WARNING: [Synth 8-4442] BlackBox module Vram has unconnected pin dina[3]
CRITICAL WARNING: [Synth 8-4442] BlackBox module Vram has unconnected pin dina[2]
CRITICAL WARNING: [Synth 8-4442] BlackBox module Vram has unconnected pin dina[1]
CRITICAL WARNING: [Synth 8-4442] BlackBox module Vram has unconnected pin dina[0]
---------------------------------------------------------------------------------
Finished IO Insertion : Time (s): cpu = 00:01:18 ; elapsed = 00:01:35 . Memory (MB): peak = 1680.277 ; gain = 811.605
---------------------------------------------------------------------------------
---------------------------------------------------------------------------------
Start Renaming Generated Instances
---------------------------------------------------------------------------------
---------------------------------------------------------------------------------
Finished Renaming Generated Instances : Time (s): cpu = 00:01:18 ; elapsed = 00:01:35 . Memory (MB): peak = 1680.277 ; gain = 811.605
---------------------------------------------------------------------------------
---------------------------------------------------------------------------------
Start Rebuilding User Hierarchy
---------------------------------------------------------------------------------
---------------------------------------------------------------------------------
Finished Rebuilding User Hierarchy : Time (s): cpu = 00:01:19 ; elapsed = 00:01:37 . Memory (MB): peak = 1680.277 ; gain = 811.605
---------------------------------------------------------------------------------
---------------------------------------------------------------------------------
Start Renaming Generated Ports
---------------------------------------------------------------------------------
---------------------------------------------------------------------------------
Finished Renaming Generated Ports : Time (s): cpu = 00:01:19 ; elapsed = 00:01:37 . Memory (MB): peak = 1680.277 ; gain = 811.605
---------------------------------------------------------------------------------
---------------------------------------------------------------------------------
Start Handling Custom Attributes
---------------------------------------------------------------------------------
---------------------------------------------------------------------------------
Finished Handling Custom Attributes : Time (s): cpu = 00:01:20 ; elapsed = 00:01:38 . Memory (MB): peak = 1680.277 ; gain = 811.605
---------------------------------------------------------------------------------
---------------------------------------------------------------------------------
Start Renaming Generated Nets
---------------------------------------------------------------------------------
---------------------------------------------------------------------------------
Finished Renaming Generated Nets : Time (s): cpu = 00:01:20 ; elapsed = 00:01:38 . Memory (MB): peak = 1680.277 ; gain = 811.605
---------------------------------------------------------------------------------
---------------------------------------------------------------------------------
Start Writing Synthesis Report
---------------------------------------------------------------------------------

DSP Final Report (the ' indicates corresponding REG is set)
+------------+-------------+--------+--------+--------+--------+--------+------+------+------+------+-------+------+------+
|Module Name | DSP Mapping | A Size | B Size | C Size | D Size | P Size | AREG | BREG | CREG | DREG | ADREG | MREG | PREG | 
+------------+-------------+--------+--------+--------+--------+--------+------+------+------+------+-------+------+------+
|render      | C'+A'*B     | 12     | 8      | 12     | -      | 15     | 1    | 0    | 0    | -    | -     | 0    | 0    | 
+------------+-------------+--------+--------+--------+--------+--------+------+------+------+------+-------+------+------+


Report BlackBoxes: 
+------+--------------+----------+
|      |BlackBox name |Instances |
+------+--------------+----------+
|1     |pclk          |         1|
|2     |clk2          |         1|
|3     |VRAM          |         1|
|4     |bg            |         1|
|5     |ui            |         1|
|6     |blocks        |         1|
|7     |blocks2       |         1|
+------+--------------+----------+

Report Cell Usage: 
+------+--------+------+
|      |Cell    |Count |
+------+--------+------+
|1     |VRAM    |     1|
|2     |bg      |     1|
|3     |blocks  |     1|
|4     |blocks2 |     1|
|5     |clk2    |     1|
|6     |pclk    |     1|
|7     |ui      |     1|
|8     |CARRY4  |   185|
|9     |DSP48E1 |     1|
|10    |LUT1    |   142|
|11    |LUT2    |   231|
|12    |LUT3    |   389|
|13    |LUT4    |   271|
|14    |LUT5    |   658|
|15    |LUT6    |  1997|
|16    |MUXF7   |   158|
|17    |MUXF8   |    55|
|18    |FDCE    |   248|
|19    |FDPE    |    18|
|20    |FDRE    |   127|
|21    |FDSE    |    22|
|22    |LD      |     8|
|23    |IBUF    |     3|
|24    |OBUF    |    14|
+------+--------+------+
---------------------------------------------------------------------------------
Finished Writing Synthesis Report : Time (s): cpu = 00:01:20 ; elapsed = 00:01:38 . Memory (MB): peak = 1680.277 ; gain = 811.605
---------------------------------------------------------------------------------
Synthesis finished with 0 errors, 73 critical warnings and 34 warnings.
Synthesis Optimization Runtime : Time (s): cpu = 00:01:05 ; elapsed = 00:01:36 . Memory (MB): peak = 1680.277 ; gain = 701.070
Synthesis Optimization Complete : Time (s): cpu = 00:01:20 ; elapsed = 00:01:39 . Memory (MB): peak = 1680.277 ; gain = 811.605
INFO: [Project 1-571] Translating synthesized netlist
Netlist sorting complete. Time (s): cpu = 00:00:00 ; elapsed = 00:00:00.041 . Memory (MB): peak = 1680.277 ; gain = 0.000
INFO: [Netlist 29-17] Analyzing 407 Unisim elements for replacement
INFO: [Netlist 29-28] Unisim Transformation completed in 0 CPU seconds
WARNING: [Netlist 29-101] Netlist 'top' is not ideal for floorplanning, since the cellview 'mylogic' contains a large number of primitives.  Please consider enabling hierarchy in synthesis if you want to do floorplanning.
INFO: [Project 1-570] Preparing netlist for logic optimization
INFO: [Opt 31-140] Inserted 1 IBUFs to IO ports without IO buffers.
INFO: [Opt 31-138] Pushed 1 inverter(s) to 4 load pin(s).
Netlist sorting complete. Time (s): cpu = 00:00:00 ; elapsed = 00:00:00.002 . Memory (MB): peak = 1680.277 ; gain = 0.000
INFO: [Project 1-111] Unisim Transformation Summary:
  A total of 8 instances were transformed.
  LD => LDCE: 4 instances
  LD => LDCE (inverted pins: G): 4 instances

Synth Design complete | Checksum: 5d87e9c0
INFO: [Common 17-83] Releasing license: Synthesis
59 Infos, 80 Warnings, 73 Critical Warnings and 0 Errors encountered.
synth_design completed successfully
synth_design: Time (s): cpu = 00:01:36 ; elapsed = 00:02:03 . Memory (MB): peak = 1680.277 ; gain = 1215.172
INFO: [runtcl-6] Synthesis results are not added to the cache due to CRITICAL_WARNING
INFO: [Common 17-1381] The checkpoint 'E:/Digital_lab/lab8/Game/Game.runs/synth_1/top.dcp' has been generated.
INFO: [runtcl-4] Executing : report_utilization -file top_utilization_synth.rpt -pb top_utilization_synth.pb
INFO: [Common 17-206] Exiting Vivado at Wed Dec 24 21:53:11 2025...

*** Running vivado
    with args -log top.vds -m64 -product Vivado -mode batch -messageDb vivado.pb -notrace -source top.tcl


ECHO 处于关闭状态。
ECHO 处于关闭状态。

****** Vivado v2023.1 (64-bit)
  **** SW Build 3865809 on Sun May  7 15:05:29 MDT 2023
  **** IP Build 3864474 on Sun May  7 20:36:21 MDT 2023
  **** SharedData Build 3865790 on Sun May 07 13:33:03 MDT 2023
    ** Copyright 1986-2022 Xilinx, Inc. All Rights Reserved.
    ** Copyright 2022-2023 Advanced Micro Devices, Inc. All Rights Reserved.

source top.tcl -notrace
create_project: Time (s): cpu = 00:00:09 ; elapsed = 00:00:11 . Memory (MB): peak = 434.047 ; gain = 164.438
Command: read_checkpoint -auto_incremental -incremental E:/Digital_lab/lab8/Game/Game.srcs/utils_1/imports/synth_1/top.dcp
INFO: [Vivado 12-5825] Read reference checkpoint from E:/Digital_lab/lab8/Game/Game.srcs/utils_1/imports/synth_1/top.dcp for incremental synthesis
INFO: [Vivado 12-7989] Please ensure there are no constraint changes
Command: synth_design -top top -part xc7a100ticsg324-1L
Starting synth_design
Attempting to get a license for feature 'Synthesis' and/or device 'xc7a100ti'
INFO: [Common 17-349] Got license for feature 'Synthesis' and/or device 'xc7a100ti'
INFO: [Device 21-403] Loading part xc7a100ticsg324-1L
INFO: [Designutils 20-5440] No compile time benefit to using incremental synthesis; A full resynthesis will be run
INFO: [Designutils 20-4379] Flow is switching to default flow due to incremental criteria not met. If you would like to alter this behaviour and have the flow terminate instead, please set the following parameter config_implementation {autoIncr.Synth.RejectBehavior Terminate}
INFO: [Synth 8-7079] Multithreading enabled for synth_design using a maximum of 2 processes.
INFO: [Synth 8-7078] Launching helper process for spawning children vivado processes
INFO: [Synth 8-7075] Helper process launched with PID 11116
WARNING: [Synth 8-6901] identifier 'cur_shape' is used before its declaration [E:/Digital_lab/lab8/Game/Game.srcs/sources_1/new/logic.v:56]
WARNING: [Synth 8-6901] identifier 'cur_x' is used before its declaration [E:/Digital_lab/lab8/Game/Game.srcs/sources_1/new/logic.v:58]
WARNING: [Synth 8-6901] identifier 'cur_y' is used before its declaration [E:/Digital_lab/lab8/Game/Game.srcs/sources_1/new/logic.v:59]
WARNING: [Synth 8-6901] identifier 'board' is used before its declaration [E:/Digital_lab/lab8/Game/Game.srcs/sources_1/new/logic.v:60]
WARNING: [Synth 8-6901] identifier 'nums' is used before its declaration [E:/Digital_lab/lab8/Game/Game.srcs/sources_1/new/render.v:108]
WARNING: [Synth 8-6901] identifier 'nums' is used before its declaration [E:/Digital_lab/lab8/Game/Game.srcs/sources_1/new/render.v:109]
WARNING: [Synth 8-6901] identifier 'nums' is used before its declaration [E:/Digital_lab/lab8/Game/Game.srcs/sources_1/new/render.v:110]
INFO: [Synth 8-11241] undeclared symbol 'clk2', assumed default net type 'wire' [E:/Digital_lab/lab8/Game/Game.srcs/sources_1/new/Top.v:27]
INFO: [Synth 8-11241] undeclared symbol 'waddr', assumed default net type 'wire' [E:/Digital_lab/lab8/Game/Game.srcs/sources_1/new/Top.v:46]
WARNING: [Synth 8-8895] 'waddr' is already implicitly declared on line 46 [E:/Digital_lab/lab8/Game/Game.srcs/sources_1/new/Top.v:65]
---------------------------------------------------------------------------------
Starting RTL Elaboration : Time (s): cpu = 00:00:03 ; elapsed = 00:00:04 . Memory (MB): peak = 1281.555 ; gain = 411.898
---------------------------------------------------------------------------------
INFO: [Synth 8-6157] synthesizing module 'top' [E:/Digital_lab/lab8/Game/Game.srcs/sources_1/new/Top.v:1]
INFO: [Synth 8-6157] synthesizing module 'pclk' [E:/Digital_lab/lab8/Game/Game.runs/synth_1/.Xil/Vivado-6452-LAPTOP-AF2G83QP/realtime/pclk_stub.v:6]
INFO: [Synth 8-6155] done synthesizing module 'pclk' (0#1) [E:/Digital_lab/lab8/Game/Game.runs/synth_1/.Xil/Vivado-6452-LAPTOP-AF2G83QP/realtime/pclk_stub.v:6]
WARNING: [Synth 8-7071] port 'locked' of module 'pclk' is unconnected for instance 'clk_ip' [E:/Digital_lab/lab8/Game/Game.srcs/sources_1/new/Top.v:19]
WARNING: [Synth 8-7023] instance 'clk_ip' of module 'pclk' has 4 connections declared, but only 3 given [E:/Digital_lab/lab8/Game/Game.srcs/sources_1/new/Top.v:19]
INFO: [Synth 8-6157] synthesizing module 'clk2' [E:/Digital_lab/lab8/Game/Game.runs/synth_1/.Xil/Vivado-6452-LAPTOP-AF2G83QP/realtime/clk2_stub.v:6]
INFO: [Synth 8-6155] done synthesizing module 'clk2' (0#1) [E:/Digital_lab/lab8/Game/Game.runs/synth_1/.Xil/Vivado-6452-LAPTOP-AF2G83QP/realtime/clk2_stub.v:6]
WARNING: [Synth 8-7071] port 'locked' of module 'clk2' is unconnected for instance 'clk_ip2' [E:/Digital_lab/lab8/Game/Game.srcs/sources_1/new/Top.v:25]
WARNING: [Synth 8-7023] instance 'clk_ip2' of module 'clk2' has 4 connections declared, but only 3 given [E:/Digital_lab/lab8/Game/Game.srcs/sources_1/new/Top.v:25]
INFO: [Synth 8-6157] synthesizing module 'DST' [E:/Digital_lab/lab8/Game/Game.srcs/sources_1/new/DST.v:23]
INFO: [Synth 8-6157] synthesizing module 'CntS' [E:/Digital_lab/lab8/Game/Game.srcs/sources_1/new/CntS.v:23]
	Parameter WIDTH bound to: 16 - type: integer 
	Parameter RST_VLU bound to: 119 - type: integer 
INFO: [Synth 8-6155] done synthesizing module 'CntS' (0#1) [E:/Digital_lab/lab8/Game/Game.srcs/sources_1/new/CntS.v:23]
INFO: [Synth 8-6157] synthesizing module 'CntS__parameterized0' [E:/Digital_lab/lab8/Game/Game.srcs/sources_1/new/CntS.v:23]
	Parameter WIDTH bound to: 16 - type: integer 
	Parameter RST_VLU bound to: 5 - type: integer 
INFO: [Synth 8-6155] done synthesizing module 'CntS__parameterized0' (0#1) [E:/Digital_lab/lab8/Game/Game.srcs/sources_1/new/CntS.v:23]
INFO: [Synth 8-6155] done synthesizing module 'DST' (0#1) [E:/Digital_lab/lab8/Game/Game.srcs/sources_1/new/DST.v:23]
INFO: [Synth 8-6157] synthesizing module 'VRAM' [E:/Digital_lab/lab8/Game/Game.runs/synth_1/.Xil/Vivado-6452-LAPTOP-AF2G83QP/realtime/VRAM_stub.v:6]
INFO: [Synth 8-6155] done synthesizing module 'VRAM' (0#1) [E:/Digital_lab/lab8/Game/Game.runs/synth_1/.Xil/Vivado-6452-LAPTOP-AF2G83QP/realtime/VRAM_stub.v:6]
WARNING: [Synth 8-7071] port 'wea' of module 'VRAM' is unconnected for instance 'Vram' [E:/Digital_lab/lab8/Game/Game.srcs/sources_1/new/Top.v:48]
WARNING: [Synth 8-7071] port 'dina' of module 'VRAM' is unconnected for instance 'Vram' [E:/Digital_lab/lab8/Game/Game.srcs/sources_1/new/Top.v:48]
WARNING: [Synth 8-7071] port 'doutb' of module 'VRAM' is unconnected for instance 'Vram' [E:/Digital_lab/lab8/Game/Game.srcs/sources_1/new/Top.v:48]
WARNING: [Synth 8-7023] instance 'Vram' of module 'VRAM' has 12 connections declared, but only 9 given [E:/Digital_lab/lab8/Game/Game.srcs/sources_1/new/Top.v:48]
INFO: [Synth 8-6157] synthesizing module 'keyboard' [E:/Digital_lab/lab8/Game/Game.srcs/sources_1/new/keyboard.v:1]
INFO: [Synth 8-6155] done synthesizing module 'keyboard' (0#1) [E:/Digital_lab/lab8/Game/Game.srcs/sources_1/new/keyboard.v:1]
INFO: [Synth 8-155] case statement is not full and has no default [E:/Digital_lab/lab8/Game/Game.srcs/sources_1/new/Top.v:88]
INFO: [Synth 8-6157] synthesizing module 'mylogic' [E:/Digital_lab/lab8/Game/Game.srcs/sources_1/new/logic.v:3]
INFO: [Synth 8-6155] done synthesizing module 'mylogic' (0#1) [E:/Digital_lab/lab8/Game/Game.srcs/sources_1/new/logic.v:3]
INFO: [Synth 8-6157] synthesizing module 'render' [E:/Digital_lab/lab8/Game/Game.srcs/sources_1/new/render.v:23]
INFO: [Synth 8-6157] synthesizing module 'bg' [E:/Digital_lab/lab8/Game/Game.runs/synth_1/.Xil/Vivado-6452-LAPTOP-AF2G83QP/realtime/bg_stub.v:6]
INFO: [Synth 8-6155] done synthesizing module 'bg' (0#1) [E:/Digital_lab/lab8/Game/Game.runs/synth_1/.Xil/Vivado-6452-LAPTOP-AF2G83QP/realtime/bg_stub.v:6]
WARNING: [Synth 8-689] width (32) of port connection 'addra' does not match port width (15) of module 'bg' [E:/Digital_lab/lab8/Game/Game.srcs/sources_1/new/render.v:51]
WARNING: [Synth 8-7071] port 'wea' of module 'bg' is unconnected for instance 'BG' [E:/Digital_lab/lab8/Game/Game.srcs/sources_1/new/render.v:48]
WARNING: [Synth 8-7071] port 'dina' of module 'bg' is unconnected for instance 'BG' [E:/Digital_lab/lab8/Game/Game.srcs/sources_1/new/render.v:48]
WARNING: [Synth 8-7023] instance 'BG' of module 'bg' has 6 connections declared, but only 4 given [E:/Digital_lab/lab8/Game/Game.srcs/sources_1/new/render.v:48]
INFO: [Synth 8-6157] synthesizing module 'ui' [E:/Digital_lab/lab8/Game/Game.runs/synth_1/.Xil/Vivado-6452-LAPTOP-AF2G83QP/realtime/ui_stub.v:6]
INFO: [Synth 8-6155] done synthesizing module 'ui' (0#1) [E:/Digital_lab/lab8/Game/Game.runs/synth_1/.Xil/Vivado-6452-LAPTOP-AF2G83QP/realtime/ui_stub.v:6]
WARNING: [Synth 8-689] width (32) of port connection 'addra' does not match port width (15) of module 'ui' [E:/Digital_lab/lab8/Game/Game.srcs/sources_1/new/render.v:58]
WARNING: [Synth 8-7071] port 'wea' of module 'ui' is unconnected for instance 'UI' [E:/Digital_lab/lab8/Game/Game.srcs/sources_1/new/render.v:55]
WARNING: [Synth 8-7071] port 'dina' of module 'ui' is unconnected for instance 'UI' [E:/Digital_lab/lab8/Game/Game.srcs/sources_1/new/render.v:55]
WARNING: [Synth 8-7023] instance 'UI' of module 'ui' has 6 connections declared, but only 4 given [E:/Digital_lab/lab8/Game/Game.srcs/sources_1/new/render.v:55]
INFO: [Synth 8-6157] synthesizing module 'blocks' [E:/Digital_lab/lab8/Game/Game.runs/synth_1/.Xil/Vivado-6452-LAPTOP-AF2G83QP/realtime/blocks_stub.v:6]
INFO: [Synth 8-6155] done synthesizing module 'blocks' (0#1) [E:/Digital_lab/lab8/Game/Game.runs/synth_1/.Xil/Vivado-6452-LAPTOP-AF2G83QP/realtime/blocks_stub.v:6]
WARNING: [Synth 8-689] width (32) of port connection 'addra' does not match port width (6) of module 'blocks' [E:/Digital_lab/lab8/Game/Game.srcs/sources_1/new/render.v:66]
WARNING: [Synth 8-7071] port 'wea' of module 'blocks' is unconnected for instance 'BLK' [E:/Digital_lab/lab8/Game/Game.srcs/sources_1/new/render.v:63]
WARNING: [Synth 8-7071] port 'dina' of module 'blocks' is unconnected for instance 'BLK' [E:/Digital_lab/lab8/Game/Game.srcs/sources_1/new/render.v:63]
WARNING: [Synth 8-7023] instance 'BLK' of module 'blocks' has 6 connections declared, but only 4 given [E:/Digital_lab/lab8/Game/Game.srcs/sources_1/new/render.v:63]
INFO: [Synth 8-6157] synthesizing module 'blocks2' [E:/Digital_lab/lab8/Game/Game.runs/synth_1/.Xil/Vivado-6452-LAPTOP-AF2G83QP/realtime/blocks2_stub.v:6]
INFO: [Synth 8-6155] done synthesizing module 'blocks2' (0#1) [E:/Digital_lab/lab8/Game/Game.runs/synth_1/.Xil/Vivado-6452-LAPTOP-AF2G83QP/realtime/blocks2_stub.v:6]
WARNING: [Synth 8-689] width (32) of port connection 'addra' does not match port width (6) of module 'blocks2' [E:/Digital_lab/lab8/Game/Game.srcs/sources_1/new/render.v:72]
WARNING: [Synth 8-7071] port 'wea' of module 'blocks2' is unconnected for instance 'BLK2' [E:/Digital_lab/lab8/Game/Game.srcs/sources_1/new/render.v:69]
WARNING: [Synth 8-7071] port 'dina' of module 'blocks2' is unconnected for instance 'BLK2' [E:/Digital_lab/lab8/Game/Game.srcs/sources_1/new/render.v:69]
WARNING: [Synth 8-7023] instance 'BLK2' of module 'blocks2' has 6 connections declared, but only 4 given [E:/Digital_lab/lab8/Game/Game.srcs/sources_1/new/render.v:69]
INFO: [Synth 8-155] case statement is not full and has no default [E:/Digital_lab/lab8/Game/Game.srcs/sources_1/new/render.v:81]
INFO: [Synth 8-155] case statement is not full and has no default [E:/Digital_lab/lab8/Game/Game.srcs/sources_1/new/render.v:92]
INFO: [Synth 8-6155] done synthesizing module 'render' (0#1) [E:/Digital_lab/lab8/Game/Game.srcs/sources_1/new/render.v:23]
INFO: [Synth 8-6157] synthesizing module 'DDP' [E:/Digital_lab/lab8/Game/Game.srcs/sources_1/new/DDP.v:105]
	Parameter DW bound to: 15 - type: integer 
	Parameter H_LEN bound to: 200 - type: integer 
	Parameter V_LEN bound to: 150 - type: integer 
INFO: [Synth 8-6157] synthesizing module 'PS' [E:/Digital_lab/lab8/Game/Game.srcs/sources_1/new/PS.v:23]
	Parameter WIDTH bound to: 1 - type: integer 
INFO: [Synth 8-6155] done synthesizing module 'PS' (0#1) [E:/Digital_lab/lab8/Game/Game.srcs/sources_1/new/PS.v:23]
INFO: [Synth 8-6155] done synthesizing module 'DDP' (0#1) [E:/Digital_lab/lab8/Game/Game.srcs/sources_1/new/DDP.v:105]
INFO: [Synth 8-6155] done synthesizing module 'top' (0#1) [E:/Digital_lab/lab8/Game/Game.srcs/sources_1/new/Top.v:1]
WARNING: [Synth 8-6014] Unused sequential element row_reg was removed.  [E:/Digital_lab/lab8/Game/Game.srcs/sources_1/new/logic.v:287]
WARNING: [Synth 8-6014] Unused sequential element col_reg was removed.  [E:/Digital_lab/lab8/Game/Game.srcs/sources_1/new/logic.v:288]
WARNING: [Synth 8-7137] Register cur_shape_reg in module mylogic has both Set and reset with same priority. This may cause simulation mismatches. Consider rewriting code  [E:/Digital_lab/lab8/Game/Game.srcs/sources_1/new/logic.v:172]
WARNING: [Synth 8-7137] Register lines_to_clear_reg in module mylogic has both Set and reset with same priority. This may cause simulation mismatches. Consider rewriting code  [E:/Digital_lab/lab8/Game/Game.srcs/sources_1/new/logic.v:297]
WARNING: [Synth 8-7137] Register clear_index_reg in module mylogic has both Set and reset with same priority. This may cause simulation mismatches. Consider rewriting code  [E:/Digital_lab/lab8/Game/Game.srcs/sources_1/new/logic.v:299]
WARNING: [Synth 8-7137] Register shift_row_reg in module mylogic has both Set and reset with same priority. This may cause simulation mismatches. Consider rewriting code  [E:/Digital_lab/lab8/Game/Game.srcs/sources_1/new/logic.v:304]
WARNING: [Synth 8-7137] Register temp_reg in module top has both Set and reset with same priority. This may cause simulation mismatches. Consider rewriting code  [E:/Digital_lab/lab8/Game/Game.srcs/sources_1/new/Top.v:85]
---------------------------------------------------------------------------------
Finished RTL Elaboration : Time (s): cpu = 00:00:05 ; elapsed = 00:00:06 . Memory (MB): peak = 1396.445 ; gain = 526.789
---------------------------------------------------------------------------------
---------------------------------------------------------------------------------
Start Handling Custom Attributes
---------------------------------------------------------------------------------
---------------------------------------------------------------------------------
Finished Handling Custom Attributes : Time (s): cpu = 00:00:05 ; elapsed = 00:00:06 . Memory (MB): peak = 1396.445 ; gain = 526.789
---------------------------------------------------------------------------------
---------------------------------------------------------------------------------
Finished RTL Optimization Phase 1 : Time (s): cpu = 00:00:05 ; elapsed = 00:00:06 . Memory (MB): peak = 1396.445 ; gain = 526.789
---------------------------------------------------------------------------------
Netlist sorting complete. Time (s): cpu = 00:00:00 ; elapsed = 00:00:00.070 . Memory (MB): peak = 1396.445 ; gain = 0.000
INFO: [Project 1-570] Preparing netlist for logic optimization

Processing XDC Constraints
Initializing timing engine
Parsing XDC File [e:/Digital_lab/lab8/Game/Game.gen/sources_1/ip/VRAM/VRAM/VRAM_in_context.xdc] for cell 'Vram'
Finished Parsing XDC File [e:/Digital_lab/lab8/Game/Game.gen/sources_1/ip/VRAM/VRAM/VRAM_in_context.xdc] for cell 'Vram'
Parsing XDC File [e:/Digital_lab/lab8/Game/Game.gen/sources_1/ip/pclk/pclk/pclk_in_context.xdc] for cell 'clk_ip'
Finished Parsing XDC File [e:/Digital_lab/lab8/Game/Game.gen/sources_1/ip/pclk/pclk/pclk_in_context.xdc] for cell 'clk_ip'
Parsing XDC File [e:/Digital_lab/lab8/Game/Game.gen/sources_1/ip/bg/bg/bg_in_context.xdc] for cell 'rend/BG'
Finished Parsing XDC File [e:/Digital_lab/lab8/Game/Game.gen/sources_1/ip/bg/bg/bg_in_context.xdc] for cell 'rend/BG'
Parsing XDC File [e:/Digital_lab/lab8/Game/Game.gen/sources_1/ip/ui/ui/ui_in_context.xdc] for cell 'rend/UI'
Finished Parsing XDC File [e:/Digital_lab/lab8/Game/Game.gen/sources_1/ip/ui/ui/ui_in_context.xdc] for cell 'rend/UI'
Parsing XDC File [e:/Digital_lab/lab8/Game/Game.gen/sources_1/ip/blocks/blocks/blocks_in_context.xdc] for cell 'rend/BLK'
Finished Parsing XDC File [e:/Digital_lab/lab8/Game/Game.gen/sources_1/ip/blocks/blocks/blocks_in_context.xdc] for cell 'rend/BLK'
Parsing XDC File [e:/Digital_lab/lab8/Game/Game.gen/sources_1/ip/clk2/clk2/clk2_in_context.xdc] for cell 'clk_ip2'
WARNING: [Constraints 18-619] A clock with name 'clk' already exists, overwriting the previous clock with the same name. [e:/Digital_lab/lab8/Game/Game.gen/sources_1/ip/clk2/clk2/clk2_in_context.xdc:1]
Finished Parsing XDC File [e:/Digital_lab/lab8/Game/Game.gen/sources_1/ip/clk2/clk2/clk2_in_context.xdc] for cell 'clk_ip2'
Parsing XDC File [e:/Digital_lab/lab8/Game/Game.gen/sources_1/ip/blocks2/blocks2/blocks2_in_context.xdc] for cell 'rend/BLK2'
Finished Parsing XDC File [e:/Digital_lab/lab8/Game/Game.gen/sources_1/ip/blocks2/blocks2/blocks2_in_context.xdc] for cell 'rend/BLK2'
Parsing XDC File [E:/Digital_lab/lab8/Game.xdc]
Finished Parsing XDC File [E:/Digital_lab/lab8/Game.xdc]
INFO: [Project 1-236] Implementation specific constraints were found while reading constraint file [E:/Digital_lab/lab8/Game.xdc]. These constraints will be ignored for synthesis but will be used in implementation. Impacted constraints are listed in the file [.Xil/top_propImpl.xdc].
Resolution: To avoid this warning, move constraints listed in [.Xil/top_propImpl.xdc] to another XDC file and exclude this new file from synthesis with the used_in_synthesis property (File Properties dialog in GUI) and re-run elaboration/synthesis.
Parsing XDC File [E:/Digital_lab/lab8/Game/Game.runs/synth_1/dont_touch.xdc]
Finished Parsing XDC File [E:/Digital_lab/lab8/Game/Game.runs/synth_1/dont_touch.xdc]
Completed Processing XDC Constraints

Netlist sorting complete. Time (s): cpu = 00:00:00 ; elapsed = 00:00:00.001 . Memory (MB): peak = 1495.531 ; gain = 0.000
INFO: [Project 1-111] Unisim Transformation Summary:
No Unisim elements were transformed.

Constraint Validation Runtime : Time (s): cpu = 00:00:00 ; elapsed = 00:00:00.007 . Memory (MB): peak = 1495.531 ; gain = 0.000
WARNING: [Timing 38-316] Clock period '20.000' specified during out-of-context synthesis of instance 'Vram' at clock pin 'clkb' is different from the actual clock period '10.000', this can lead to different synthesis results.
WARNING: [Timing 38-316] Clock period '20.000' specified during out-of-context synthesis of instance 'rend/BG' at clock pin 'clka' is different from the actual clock period '10.000', this can lead to different synthesis results.
WARNING: [Timing 38-316] Clock period '20.000' specified during out-of-context synthesis of instance 'rend/BLK' at clock pin 'clka' is different from the actual clock period '10.000', this can lead to different synthesis results.
WARNING: [Timing 38-316] Clock period '20.000' specified during out-of-context synthesis of instance 'rend/BLK2' at clock pin 'clka' is different from the actual clock period '10.000', this can lead to different synthesis results.
WARNING: [Timing 38-316] Clock period '20.000' specified during out-of-context synthesis of instance 'rend/UI' at clock pin 'clka' is different from the actual clock period '10.000', this can lead to different synthesis results.
INFO: [Designutils 20-5440] No compile time benefit to using incremental synthesis; A full resynthesis will be run
INFO: [Designutils 20-4379] Flow is switching to default flow due to incremental criteria not met. If you would like to alter this behaviour and have the flow terminate instead, please set the following parameter config_implementation {autoIncr.Synth.RejectBehavior Terminate}
---------------------------------------------------------------------------------
Finished Constraint Validation : Time (s): cpu = 00:00:12 ; elapsed = 00:00:15 . Memory (MB): peak = 1495.570 ; gain = 625.914
---------------------------------------------------------------------------------
---------------------------------------------------------------------------------
Start Loading Part and Timing Information
---------------------------------------------------------------------------------
Loading part: xc7a100ticsg324-1L
---------------------------------------------------------------------------------
Finished Loading Part and Timing Information : Time (s): cpu = 00:00:12 ; elapsed = 00:00:15 . Memory (MB): peak = 1495.570 ; gain = 625.914
---------------------------------------------------------------------------------
---------------------------------------------------------------------------------
Start Applying 'set_property' XDC Constraints
---------------------------------------------------------------------------------
Applied set_property IO_BUFFER_TYPE = NONE for clk. (constraint file  e:/Digital_lab/lab8/Game/Game.gen/sources_1/ip/clk2/clk2/clk2_in_context.xdc, line 3).
Applied set_property CLOCK_BUFFER_TYPE = NONE for clk. (constraint file  e:/Digital_lab/lab8/Game/Game.gen/sources_1/ip/clk2/clk2/clk2_in_context.xdc, line 4).
Applied set_property KEEP_HIERARCHY = SOFT for Vram. (constraint file  auto generated constraint).
Applied set_property KEEP_HIERARCHY = SOFT for clk_ip. (constraint file  auto generated constraint).
Applied set_property KEEP_HIERARCHY = SOFT for rend/BG. (constraint file  auto generated constraint).
Applied set_property KEEP_HIERARCHY = SOFT for rend/UI. (constraint file  auto generated constraint).
Applied set_property KEEP_HIERARCHY = SOFT for rend/BLK. (constraint file  auto generated constraint).
Applied set_property KEEP_HIERARCHY = SOFT for clk_ip2. (constraint file  auto generated constraint).
Applied set_property KEEP_HIERARCHY = SOFT for rend/BLK2. (constraint file  auto generated constraint).
---------------------------------------------------------------------------------
Finished applying 'set_property' XDC Constraints : Time (s): cpu = 00:00:12 ; elapsed = 00:00:15 . Memory (MB): peak = 1495.570 ; gain = 625.914
---------------------------------------------------------------------------------
WARNING: [Synth 8-327] inferring latch for variable 'data_block_reg' [E:/Digital_lab/lab8/Game/Game.srcs/sources_1/new/render.v:82]
WARNING: [Synth 8-327] inferring latch for variable 'next_data_block_reg' [E:/Digital_lab/lab8/Game/Game.srcs/sources_1/new/render.v:93]
---------------------------------------------------------------------------------
Finished RTL Optimization Phase 2 : Time (s): cpu = 00:00:14 ; elapsed = 00:00:16 . Memory (MB): peak = 1495.570 ; gain = 625.914
---------------------------------------------------------------------------------
---------------------------------------------------------------------------------
Start RTL Component Statistics 
---------------------------------------------------------------------------------
Detailed RTL Component Info : 
+---Adders : 
	   2 Input   32 Bit       Adders := 15    
	   3 Input   32 Bit       Adders := 6     
	   2 Input   16 Bit       Adders := 2     
	   2 Input   15 Bit       Adders := 1     
	   4 Input   15 Bit       Adders := 1     
	   2 Input   13 Bit       Adders := 4     
	   2 Input   12 Bit       Adders := 4     
	   2 Input   11 Bit       Adders := 1     
	   3 Input    7 Bit       Adders := 3     
	   2 Input    7 Bit       Adders := 1     
	   2 Input    6 Bit       Adders := 2     
	   2 Input    5 Bit       Adders := 8     
	   2 Input    4 Bit       Adders := 4     
	   3 Input    4 Bit       Adders := 2     
	   2 Input    3 Bit       Adders := 4     
	   2 Input    2 Bit       Adders := 4     
+---XORs : 
	                8 Bit    Wide XORs := 1     
+---Registers : 
	              150 Bit    Registers := 1     
	               32 Bit    Registers := 1     
	               16 Bit    Registers := 3     
	               15 Bit    Registers := 1     
	               12 Bit    Registers := 3     
	               11 Bit    Registers := 2     
	               10 Bit    Registers := 1     
	                8 Bit    Registers := 1     
	                5 Bit    Registers := 2     
	                4 Bit    Registers := 6     
	                3 Bit    Registers := 2     
	                2 Bit    Registers := 4     
	                1 Bit    Registers := 19    
+---Multipliers : 
	               4x32  Multipliers := 1     
+---Muxes : 
	   2 Input  150 Bit        Muxes := 63    
	  16 Input  150 Bit        Muxes := 2     
	  11 Input   81 Bit        Muxes := 3     
	   2 Input   32 Bit        Muxes := 1     
	  16 Input   32 Bit        Muxes := 1     
	   5 Input   32 Bit        Muxes := 1     
	   2 Input   16 Bit        Muxes := 3     
	  29 Input   16 Bit        Muxes := 3     
	  16 Input   16 Bit        Muxes := 1     
	   2 Input   15 Bit        Muxes := 9     
	  16 Input   15 Bit        Muxes := 2     
	   3 Input   12 Bit        Muxes := 2     
	   4 Input   12 Bit        Muxes := 1     
	   2 Input   12 Bit        Muxes := 19    
	   8 Input   12 Bit        Muxes := 2     
	   4 Input   11 Bit        Muxes := 1     
	   2 Input   11 Bit        Muxes := 4     
	   3 Input   11 Bit        Muxes := 1     
	  16 Input   11 Bit        Muxes := 1     
	   4 Input   10 Bit        Muxes := 2     
	  16 Input    5 Bit        Muxes := 2     
	   2 Input    5 Bit        Muxes := 1     
	   2 Input    4 Bit        Muxes := 10    
	  16 Input    4 Bit        Muxes := 3     
	   4 Input    4 Bit        Muxes := 1     
	  16 Input    3 Bit        Muxes := 2     
	   2 Input    3 Bit        Muxes := 3     
	   4 Input    3 Bit        Muxes := 1     
	   2 Input    2 Bit        Muxes := 1     
	   4 Input    1 Bit        Muxes := 4     
	   2 Input    1 Bit        Muxes := 60    
	   3 Input    1 Bit        Muxes := 5     
	  16 Input    1 Bit        Muxes := 13    
	   8 Input    1 Bit        Muxes := 2     
	   6 Input    1 Bit        Muxes := 4     
---------------------------------------------------------------------------------
Finished RTL Component Statistics 
---------------------------------------------------------------------------------
---------------------------------------------------------------------------------
Start Part Resource Summary
---------------------------------------------------------------------------------
Part Resources:
DSPs: 240 (col length:80)
BRAMs: 270 (col length: RAMB18 80 RAMB36 40)
---------------------------------------------------------------------------------
Finished Part Resource Summary
---------------------------------------------------------------------------------
---------------------------------------------------------------------------------
Start Cross Boundary and Area Optimization
---------------------------------------------------------------------------------
WARNING: [Synth 8-7080] Parallel synthesis criteria is not met
DSP Report: Generating DSP addra0, operation Mode is: C'+A2*(B:0xc8).
DSP Report: register i_reg is absorbed into DSP addra0.
DSP Report: register j_reg is absorbed into DSP addra0.
DSP Report: operator addra0 is absorbed into DSP addra0.
DSP Report: operator addra1 is absorbed into DSP addra0.
WARNING: [Synth 8-3332] Sequential element (lines_to_clear_reg[14]_LDC) is unused and will be removed from module mylogic.
WARNING: [Synth 8-3332] Sequential element (lines_to_clear_reg[14]_C) is unused and will be removed from module mylogic.
WARNING: [Synth 8-3332] Sequential element (lines_to_clear_reg[13]_LDC) is unused and will be removed from module mylogic.
WARNING: [Synth 8-3332] Sequential element (lines_to_clear_reg[13]_C) is unused and will be removed from module mylogic.
WARNING: [Synth 8-3332] Sequential element (lines_to_clear_reg[12]_LDC) is unused and will be removed from module mylogic.
WARNING: [Synth 8-3332] Sequential element (lines_to_clear_reg[12]_C) is unused and will be removed from module mylogic.
WARNING: [Synth 8-3332] Sequential element (lines_to_clear_reg[11]_LDC) is unused and will be removed from module mylogic.
WARNING: [Synth 8-3332] Sequential element (lines_to_clear_reg[11]_C) is unused and will be removed from module mylogic.
WARNING: [Synth 8-3332] Sequential element (lines_to_clear_reg[10]_LDC) is unused and will be removed from module mylogic.
WARNING: [Synth 8-3332] Sequential element (lines_to_clear_reg[10]_C) is unused and will be removed from module mylogic.
WARNING: [Synth 8-3332] Sequential element (lines_to_clear_reg[9]_LDC) is unused and will be removed from module mylogic.
WARNING: [Synth 8-3332] Sequential element (lines_to_clear_reg[9]_C) is unused and will be removed from module mylogic.
WARNING: [Synth 8-3332] Sequential element (lines_to_clear_reg[8]_LDC) is unused and will be removed from module mylogic.
WARNING: [Synth 8-3332] Sequential element (lines_to_clear_reg[8]_C) is unused and will be removed from module mylogic.
WARNING: [Synth 8-3332] Sequential element (lines_to_clear_reg[7]_LDC) is unused and will be removed from module mylogic.
WARNING: [Synth 8-3332] Sequential element (lines_to_clear_reg[7]_C) is unused and will be removed from module mylogic.
WARNING: [Synth 8-3332] Sequential element (lines_to_clear_reg[6]_LDC) is unused and will be removed from module mylogic.
WARNING: [Synth 8-3332] Sequential element (lines_to_clear_reg[6]_C) is unused and will be removed from module mylogic.
WARNING: [Synth 8-3332] Sequential element (lines_to_clear_reg[5]_LDC) is unused and will be removed from module mylogic.
WARNING: [Synth 8-3332] Sequential element (lines_to_clear_reg[5]_C) is unused and will be removed from module mylogic.
WARNING: [Synth 8-3332] Sequential element (lines_to_clear_reg[4]_LDC) is unused and will be removed from module mylogic.
WARNING: [Synth 8-3332] Sequential element (lines_to_clear_reg[4]_C) is unused and will be removed from module mylogic.
WARNING: [Synth 8-3332] Sequential element (lines_to_clear_reg[3]_LDC) is unused and will be removed from module mylogic.
WARNING: [Synth 8-3332] Sequential element (lines_to_clear_reg[3]_C) is unused and will be removed from module mylogic.
WARNING: [Synth 8-3332] Sequential element (lines_to_clear_reg[2]_LDC) is unused and will be removed from module mylogic.
WARNING: [Synth 8-3332] Sequential element (lines_to_clear_reg[2]_C) is unused and will be removed from module mylogic.
WARNING: [Synth 8-3332] Sequential element (lines_to_clear_reg[1]_LDC) is unused and will be removed from module mylogic.
WARNING: [Synth 8-3332] Sequential element (lines_to_clear_reg[1]_C) is unused and will be removed from module mylogic.
WARNING: [Synth 8-3332] Sequential element (lines_to_clear_reg[0]_LDC) is unused and will be removed from module mylogic.
WARNING: [Synth 8-3332] Sequential element (lines_to_clear_reg[0]_C) is unused and will be removed from module mylogic.
---------------------------------------------------------------------------------
Finished Cross Boundary and Area Optimization : Time (s): cpu = 00:00:36 ; elapsed = 00:00:43 . Memory (MB): peak = 1495.570 ; gain = 625.914
---------------------------------------------------------------------------------
---------------------------------------------------------------------------------
Start ROM, RAM, DSP, Shift Register and Retiming Reporting
---------------------------------------------------------------------------------

DSP: Preliminary Mapping Report (see note below. The ' indicates corresponding REG is set)
+------------+----------------+--------+--------+--------+--------+--------+------+------+------+------+-------+------+------+
|Module Name | DSP Mapping    | A Size | B Size | C Size | D Size | P Size | AREG | BREG | CREG | DREG | ADREG | MREG | PREG | 
+------------+----------------+--------+--------+--------+--------+--------+------+------+------+------+-------+------+------+
|render      | C'+A2*(B:0xc8) | 12     | 8      | 12     | -      | 15     | 1    | 0    | 1    | -    | -     | 0    | 0    | 
+------------+----------------+--------+--------+--------+--------+--------+------+------+------+------+-------+------+------+

Note: The table above is a preliminary report that shows the DSPs inferred at the current stage of the synthesis flow. Some DSP may be reimplemented as non DSP primitives later in the synthesis flow. Multiple instantiated DSPs are reported only once.
---------------------------------------------------------------------------------
Finished ROM, RAM, DSP, Shift Register and Retiming Reporting
---------------------------------------------------------------------------------
---------------------------------------------------------------------------------
Start Applying XDC Timing Constraints
---------------------------------------------------------------------------------
WARNING: [Synth 8-565] redefining clock 'clk'
---------------------------------------------------------------------------------
Finished Applying XDC Timing Constraints : Time (s): cpu = 00:00:44 ; elapsed = 00:00:51 . Memory (MB): peak = 1495.570 ; gain = 625.914
---------------------------------------------------------------------------------
---------------------------------------------------------------------------------
Start Timing Optimization
---------------------------------------------------------------------------------
---------------------------------------------------------------------------------
Finished Timing Optimization : Time (s): cpu = 00:00:51 ; elapsed = 00:01:00 . Memory (MB): peak = 1506.121 ; gain = 636.465
---------------------------------------------------------------------------------
---------------------------------------------------------------------------------
Start Technology Mapping
---------------------------------------------------------------------------------
---------------------------------------------------------------------------------
Finished Technology Mapping : Time (s): cpu = 00:00:53 ; elapsed = 00:01:02 . Memory (MB): peak = 1664.039 ; gain = 794.383
---------------------------------------------------------------------------------
---------------------------------------------------------------------------------
Start IO Insertion
---------------------------------------------------------------------------------
---------------------------------------------------------------------------------
Start Flattening Before IO Insertion
---------------------------------------------------------------------------------
---------------------------------------------------------------------------------
Finished Flattening Before IO Insertion
---------------------------------------------------------------------------------
---------------------------------------------------------------------------------
Start Final Netlist Cleanup
---------------------------------------------------------------------------------
---------------------------------------------------------------------------------
Finished Final Netlist Cleanup
---------------------------------------------------------------------------------
CRITICAL WARNING: [Synth 8-4442] BlackBox module \rend/BG  has unconnected pin wea[0]
CRITICAL WARNING: [Synth 8-4442] BlackBox module \rend/BG  has unconnected pin dina[11]
CRITICAL WARNING: [Synth 8-4442] BlackBox module \rend/BG  has unconnected pin dina[10]
CRITICAL WARNING: [Synth 8-4442] BlackBox module \rend/BG  has unconnected pin dina[9]
CRITICAL WARNING: [Synth 8-4442] BlackBox module \rend/BG  has unconnected pin dina[8]
CRITICAL WARNING: [Synth 8-4442] BlackBox module \rend/BG  has unconnected pin dina[7]
CRITICAL WARNING: [Synth 8-4442] BlackBox module \rend/BG  has unconnected pin dina[6]
CRITICAL WARNING: [Synth 8-4442] BlackBox module \rend/BG  has unconnected pin dina[5]
CRITICAL WARNING: [Synth 8-4442] BlackBox module \rend/BG  has unconnected pin dina[4]
CRITICAL WARNING: [Synth 8-4442] BlackBox module \rend/BG  has unconnected pin dina[3]
CRITICAL WARNING: [Synth 8-4442] BlackBox module \rend/BG  has unconnected pin dina[2]
CRITICAL WARNING: [Synth 8-4442] BlackBox module \rend/BG  has unconnected pin dina[1]
CRITICAL WARNING: [Synth 8-4442] BlackBox module \rend/BG  has unconnected pin dina[0]
CRITICAL WARNING: [Synth 8-4442] BlackBox module \rend/UI  has unconnected pin wea[0]
CRITICAL WARNING: [Synth 8-4442] BlackBox module \rend/UI  has unconnected pin dina[11]
CRITICAL WARNING: [Synth 8-4442] BlackBox module \rend/UI  has unconnected pin dina[10]
CRITICAL WARNING: [Synth 8-4442] BlackBox module \rend/UI  has unconnected pin dina[9]
CRITICAL WARNING: [Synth 8-4442] BlackBox module \rend/UI  has unconnected pin dina[8]
CRITICAL WARNING: [Synth 8-4442] BlackBox module \rend/UI  has unconnected pin dina[7]
CRITICAL WARNING: [Synth 8-4442] BlackBox module \rend/UI  has unconnected pin dina[6]
CRITICAL WARNING: [Synth 8-4442] BlackBox module \rend/UI  has unconnected pin dina[5]
CRITICAL WARNING: [Synth 8-4442] BlackBox module \rend/UI  has unconnected pin dina[4]
CRITICAL WARNING: [Synth 8-4442] BlackBox module \rend/UI  has unconnected pin dina[3]
CRITICAL WARNING: [Synth 8-4442] BlackBox module \rend/UI  has unconnected pin dina[2]
CRITICAL WARNING: [Synth 8-4442] BlackBox module \rend/UI  has unconnected pin dina[1]
CRITICAL WARNING: [Synth 8-4442] BlackBox module \rend/UI  has unconnected pin dina[0]
CRITICAL WARNING: [Synth 8-4442] BlackBox module \rend/BLK  has unconnected pin wea[0]
CRITICAL WARNING: [Synth 8-4442] BlackBox module \rend/BLK  has unconnected pin dina[15]
CRITICAL WARNING: [Synth 8-4442] BlackBox module \rend/BLK  has unconnected pin dina[14]
CRITICAL WARNING: [Synth 8-4442] BlackBox module \rend/BLK  has unconnected pin dina[13]
CRITICAL WARNING: [Synth 8-4442] BlackBox module \rend/BLK  has unconnected pin dina[12]
CRITICAL WARNING: [Synth 8-4442] BlackBox module \rend/BLK  has unconnected pin dina[11]
CRITICAL WARNING: [Synth 8-4442] BlackBox module \rend/BLK  has unconnected pin dina[10]
CRITICAL WARNING: [Synth 8-4442] BlackBox module \rend/BLK  has unconnected pin dina[9]
CRITICAL WARNING: [Synth 8-4442] BlackBox module \rend/BLK  has unconnected pin dina[8]
CRITICAL WARNING: [Synth 8-4442] BlackBox module \rend/BLK  has unconnected pin dina[7]
CRITICAL WARNING: [Synth 8-4442] BlackBox module \rend/BLK  has unconnected pin dina[6]
CRITICAL WARNING: [Synth 8-4442] BlackBox module \rend/BLK  has unconnected pin dina[5]
CRITICAL WARNING: [Synth 8-4442] BlackBox module \rend/BLK  has unconnected pin dina[4]
CRITICAL WARNING: [Synth 8-4442] BlackBox module \rend/BLK  has unconnected pin dina[3]
CRITICAL WARNING: [Synth 8-4442] BlackBox module \rend/BLK  has unconnected pin dina[2]
CRITICAL WARNING: [Synth 8-4442] BlackBox module \rend/BLK  has unconnected pin dina[1]
CRITICAL WARNING: [Synth 8-4442] BlackBox module \rend/BLK  has unconnected pin dina[0]
CRITICAL WARNING: [Synth 8-4442] BlackBox module \rend/BLK2  has unconnected pin wea[0]
CRITICAL WARNING: [Synth 8-4442] BlackBox module \rend/BLK2  has unconnected pin dina[15]
CRITICAL WARNING: [Synth 8-4442] BlackBox module \rend/BLK2  has unconnected pin dina[14]
CRITICAL WARNING: [Synth 8-4442] BlackBox module \rend/BLK2  has unconnected pin dina[13]
CRITICAL WARNING: [Synth 8-4442] BlackBox module \rend/BLK2  has unconnected pin dina[12]
CRITICAL WARNING: [Synth 8-4442] BlackBox module \rend/BLK2  has unconnected pin dina[11]
CRITICAL WARNING: [Synth 8-4442] BlackBox module \rend/BLK2  has unconnected pin dina[10]
CRITICAL WARNING: [Synth 8-4442] BlackBox module \rend/BLK2  has unconnected pin dina[9]
CRITICAL WARNING: [Synth 8-4442] BlackBox module \rend/BLK2  has unconnected pin dina[8]
CRITICAL WARNING: [Synth 8-4442] BlackBox module \rend/BLK2  has unconnected pin dina[7]
CRITICAL WARNING: [Synth 8-4442] BlackBox module \rend/BLK2  has unconnected pin dina[6]
CRITICAL WARNING: [Synth 8-4442] BlackBox module \rend/BLK2  has unconnected pin dina[5]
CRITICAL WARNING: [Synth 8-4442] BlackBox module \rend/BLK2  has unconnected pin dina[4]
CRITICAL WARNING: [Synth 8-4442] BlackBox module \rend/BLK2  has unconnected pin dina[3]
CRITICAL WARNING: [Synth 8-4442] BlackBox module \rend/BLK2  has unconnected pin dina[2]
CRITICAL WARNING: [Synth 8-4442] BlackBox module \rend/BLK2  has unconnected pin dina[1]
CRITICAL WARNING: [Synth 8-4442] BlackBox module \rend/BLK2  has unconnected pin dina[0]
CRITICAL WARNING: [Synth 8-4442] BlackBox module Vram has unconnected pin wea[0]
CRITICAL WARNING: [Synth 8-4442] BlackBox module Vram has unconnected pin dina[11]
CRITICAL WARNING: [Synth 8-4442] BlackBox module Vram has unconnected pin dina[10]
CRITICAL WARNING: [Synth 8-4442] BlackBox module Vram has unconnected pin dina[9]
CRITICAL WARNING: [Synth 8-4442] BlackBox module Vram has unconnected pin dina[8]
CRITICAL WARNING: [Synth 8-4442] BlackBox module Vram has unconnected pin dina[7]
CRITICAL WARNING: [Synth 8-4442] BlackBox module Vram has unconnected pin dina[6]
CRITICAL WARNING: [Synth 8-4442] BlackBox module Vram has unconnected pin dina[5]
CRITICAL WARNING: [Synth 8-4442] BlackBox module Vram has unconnected pin dina[4]
CRITICAL WARNING: [Synth 8-4442] BlackBox module Vram has unconnected pin dina[3]
CRITICAL WARNING: [Synth 8-4442] BlackBox module Vram has unconnected pin dina[2]
CRITICAL WARNING: [Synth 8-4442] BlackBox module Vram has unconnected pin dina[1]
CRITICAL WARNING: [Synth 8-4442] BlackBox module Vram has unconnected pin dina[0]
---------------------------------------------------------------------------------
Finished IO Insertion : Time (s): cpu = 00:00:57 ; elapsed = 00:01:07 . Memory (MB): peak = 1677.840 ; gain = 808.184
---------------------------------------------------------------------------------
---------------------------------------------------------------------------------
Start Renaming Generated Instances
---------------------------------------------------------------------------------
---------------------------------------------------------------------------------
Finished Renaming Generated Instances : Time (s): cpu = 00:00:57 ; elapsed = 00:01:07 . Memory (MB): peak = 1677.840 ; gain = 808.184
---------------------------------------------------------------------------------
---------------------------------------------------------------------------------
Start Rebuilding User Hierarchy
---------------------------------------------------------------------------------
---------------------------------------------------------------------------------
Finished Rebuilding User Hierarchy : Time (s): cpu = 00:00:57 ; elapsed = 00:01:07 . Memory (MB): peak = 1677.840 ; gain = 808.184
---------------------------------------------------------------------------------
---------------------------------------------------------------------------------
Start Renaming Generated Ports
---------------------------------------------------------------------------------
---------------------------------------------------------------------------------
Finished Renaming Generated Ports : Time (s): cpu = 00:00:57 ; elapsed = 00:01:07 . Memory (MB): peak = 1677.840 ; gain = 808.184
---------------------------------------------------------------------------------
---------------------------------------------------------------------------------
Start Handling Custom Attributes
---------------------------------------------------------------------------------
---------------------------------------------------------------------------------
Finished Handling Custom Attributes : Time (s): cpu = 00:00:57 ; elapsed = 00:01:07 . Memory (MB): peak = 1677.840 ; gain = 808.184
---------------------------------------------------------------------------------
---------------------------------------------------------------------------------
Start Renaming Generated Nets
---------------------------------------------------------------------------------
---------------------------------------------------------------------------------
Finished Renaming Generated Nets : Time (s): cpu = 00:00:57 ; elapsed = 00:01:07 . Memory (MB): peak = 1677.840 ; gain = 808.184
---------------------------------------------------------------------------------
---------------------------------------------------------------------------------
Start Writing Synthesis Report
---------------------------------------------------------------------------------

DSP Final Report (the ' indicates corresponding REG is set)
+------------+-------------+--------+--------+--------+--------+--------+------+------+------+------+-------+------+------+
|Module Name | DSP Mapping | A Size | B Size | C Size | D Size | P Size | AREG | BREG | CREG | DREG | ADREG | MREG | PREG | 
+------------+-------------+--------+--------+--------+--------+--------+------+------+------+------+-------+------+------+
|render      | C'+A'*B     | 12     | 8      | 12     | -      | 15     | 1    | 0    | 0    | -    | -     | 0    | 0    | 
+------------+-------------+--------+--------+--------+--------+--------+------+------+------+------+-------+------+------+


Report BlackBoxes: 
+------+--------------+----------+
|      |BlackBox name |Instances |
+------+--------------+----------+
|1     |pclk          |         1|
|2     |clk2          |         1|
|3     |VRAM          |         1|
|4     |bg            |         1|
|5     |ui            |         1|
|6     |blocks        |         1|
|7     |blocks2       |         1|
+------+--------------+----------+

Report Cell Usage: 
+------+--------+------+
|      |Cell    |Count |
+------+--------+------+
|1     |VRAM    |     1|
|2     |bg      |     1|
|3     |blocks  |     1|
|4     |blocks2 |     1|
|5     |clk2    |     1|
|6     |pclk    |     1|
|7     |ui      |     1|
|8     |CARRY4  |   185|
|9     |DSP48E1 |     1|
|10    |LUT1    |   142|
|11    |LUT2    |   227|
|12    |LUT3    |   410|
|13    |LUT4    |   283|
|14    |LUT5    |   684|
|15    |LUT6    |  1992|
|16    |MUXF7   |   164|
|17    |MUXF8   |    64|
|18    |FDCE    |   249|
|19    |FDPE    |    18|
|20    |FDRE    |   127|
|21    |FDSE    |    22|
|22    |LD      |     8|
|23    |IBUF    |     3|
|24    |OBUF    |    14|
+------+--------+------+
---------------------------------------------------------------------------------
Finished Writing Synthesis Report : Time (s): cpu = 00:00:57 ; elapsed = 00:01:07 . Memory (MB): peak = 1677.840 ; gain = 808.184
---------------------------------------------------------------------------------
Synthesis finished with 0 errors, 73 critical warnings and 34 warnings.
Synthesis Optimization Runtime : Time (s): cpu = 00:00:51 ; elapsed = 00:01:04 . Memory (MB): peak = 1677.840 ; gain = 709.059
Synthesis Optimization Complete : Time (s): cpu = 00:00:58 ; elapsed = 00:01:07 . Memory (MB): peak = 1677.840 ; gain = 808.184
INFO: [Project 1-571] Translating synthesized netlist
Netlist sorting complete. Time (s): cpu = 00:00:00 ; elapsed = 00:00:00.032 . Memory (MB): peak = 1677.840 ; gain = 0.000
INFO: [Netlist 29-17] Analyzing 422 Unisim elements for replacement
INFO: [Netlist 29-28] Unisim Transformation completed in 0 CPU seconds
WARNING: [Netlist 29-101] Netlist 'top' is not ideal for floorplanning, since the cellview 'mylogic' contains a large number of primitives.  Please consider enabling hierarchy in synthesis if you want to do floorplanning.
INFO: [Project 1-570] Preparing netlist for logic optimization
INFO: [Opt 31-140] Inserted 1 IBUFs to IO ports without IO buffers.
INFO: [Opt 31-138] Pushed 1 inverter(s) to 4 load pin(s).
Netlist sorting complete. Time (s): cpu = 00:00:00 ; elapsed = 00:00:00.001 . Memory (MB): peak = 1677.840 ; gain = 0.000
INFO: [Project 1-111] Unisim Transformation Summary:
  A total of 8 instances were transformed.
  LD => LDCE: 4 instances
  LD => LDCE (inverted pins: G): 4 instances

Synth Design complete | Checksum: 70e4a9a9
INFO: [Common 17-83] Releasing license: Synthesis
59 Infos, 80 Warnings, 73 Critical Warnings and 0 Errors encountered.
synth_design completed successfully
synth_design: Time (s): cpu = 00:01:03 ; elapsed = 00:01:15 . Memory (MB): peak = 1677.840 ; gain = 1210.570
INFO: [runtcl-6] Synthesis results are not added to the cache due to CRITICAL_WARNING
INFO: [Common 17-1381] The checkpoint 'E:/Digital_lab/lab8/Game/Game.runs/synth_1/top.dcp' has been generated.
INFO: [runtcl-4] Executing : report_utilization -file top_utilization_synth.rpt -pb top_utilization_synth.pb
INFO: [Common 17-206] Exiting Vivado at Wed Dec 24 21:54:54 2025...
