Copyright 1986-2022 Xilinx, Inc. All Rights Reserved. Copyright 2022-2023 Advanced Micro Devices, Inc. All Rights Reserved.
---------------------------------------------------------------------------------------------------------------------------------------------
| Tool Version : Vivado v.2023.1 (win64) Build 3865809 Sun May  7 15:05:29 MDT 2023
| Date         : Sun May 10 23:51:23 2026
| Host         : LAPTOP-AF2G83QP running 64-bit major release  (build 9200)
| Command      : report_control_sets -verbose -file top_control_sets_placed.rpt
| Design       : top
| Device       : xc7a100ti
---------------------------------------------------------------------------------------------------------------------------------------------

Control Set Information

Table of Contents
-----------------
1. Summary
2. Histogram
3. Flip-Flop Distribution
4. Detailed Control Set Information

1. Summary
----------

+----------------------------------------------------------+-------+
|                          Status                          | Count |
+----------------------------------------------------------+-------+
| Total control sets                                       |    21 |
|    Minimum number of control sets                        |    21 |
|    Addition due to synthesis replication                 |     0 |
|    Addition due to physical synthesis replication        |     0 |
| Unused register locations in slices containing registers |    62 |
+----------------------------------------------------------+-------+
* Control sets can be merged at opt_design using control_set_merge or merge_equivalent_drivers
** Run report_qor_suggestions for automated merging and remapping suggestions


2. Histogram
------------

+--------------------+-------+
|       Fanout       | Count |
+--------------------+-------+
| Total control sets |    21 |
| >= 0 to < 4        |     0 |
| >= 4 to < 6        |     6 |
| >= 6 to < 8        |     0 |
| >= 8 to < 10       |     3 |
| >= 10 to < 12      |     1 |
| >= 12 to < 14      |     2 |
| >= 14 to < 16      |     2 |
| >= 16              |     7 |
+--------------------+-------+
* Control sets can be remapped at either synth_design or opt_design


3. Flip-Flop Distribution
-------------------------

+--------------+-----------------------+------------------------+-----------------+--------------+
| Clock Enable | Synchronous Set/Reset | Asynchronous Set/Reset | Total Registers | Total Slices |
+--------------+-----------------------+------------------------+-----------------+--------------+
| No           | No                    | No                     |              43 |           18 |
| No           | No                    | Yes                    |             196 |           98 |
| No           | Yes                   | No                     |              60 |           17 |
| Yes          | No                    | No                     |              25 |           17 |
| Yes          | No                    | Yes                    |              71 |           39 |
| Yes          | Yes                   | No                     |              47 |           13 |
+--------------+-----------------------+------------------------+-----------------+--------------+


4. Detailed Control Set Information
-----------------------------------

+-----------------------+-----------------------------------+-----------------------------------+------------------+----------------+--------------+
|      Clock Signal     |           Enable Signal           |          Set/Reset Signal         | Slice Load Count | Bel Load Count | Bels / Slice |
+-----------------------+-----------------------------------+-----------------------------------+------------------+----------------+--------------+
| ~rend/i_reg[4]_0      |                                   |                                   |                2 |              4 |         2.00 |
|  game_logic/E[0]      |                                   |                                   |                1 |              4 |         4.00 |
|  clk_IBUF_BUFG        |                                   | game_logic/game_started_reg_1     |                1 |              4 |         4.00 |
|  clk_IBUF_BUFG        | game_logic/state[3]_i_1_n_0       | game_logic/rstn                   |                2 |              4 |         2.00 |
|  clk_IBUF_BUFG        | game_logic/shift_row              |                                   |                2 |              4 |         2.00 |
|  clk_IBUF_BUFG        | game_logic/clear_index[3]_i_2_n_0 | game_logic/clear_index[3]_i_1_n_0 |                1 |              4 |         4.00 |
|  clk_ip/inst/clk_out1 |                                   |                                   |                4 |              8 |         2.00 |
|  clk_IBUF_BUFG        |                                   | game_logic/j_reg[7]_1             |                2 |              8 |         4.00 |
|  clk_IBUF_BUFG        | game_logic/cur_x[4]_i_1_n_0       | game_logic/rstn                   |                4 |              9 |         2.25 |
|  clk_IBUF_BUFG        | game_logic/score[10]_i_1_n_0      | game_logic/rstn                   |                7 |             11 |         1.57 |
|  clk_IBUF_BUFG        |                                   | rend/addra0_i_1_n_0               |                3 |             12 |         4.00 |
|  clk_IBUF_BUFG        | rend/addra0_i_1_n_0               | rend/addra0_i_2_n_0               |                3 |             12 |         4.00 |
|  clk_ip/inst/clk_out1 | ddp/ps/sel                        | game_logic/rstn                   |                4 |             15 |         3.75 |
|  clk_IBUF_BUFG        | game_logic/cur_y[4]_i_1_n_0       | game_logic/rstn                   |               12 |             15 |         1.25 |
|  clk_ip/inst/clk_out1 | dst/ce_v_reg_n_0_[0]              | game_logic/rstn                   |                5 |             16 |         3.20 |
| ~keyboard/ps2_c_f     |                                   | game_logic/rstn                   |                5 |             16 |         3.20 |
|  clk_IBUF_BUFG        | rstn_IBUF                         |                                   |               15 |             21 |         1.40 |
|  clk_IBUF_BUFG        |                                   |                                   |               11 |             27 |         2.45 |
|  clk_IBUF_BUFG        | game_logic/drop_timer[31]_i_1_n_0 | game_logic/rstn                   |               14 |             32 |         2.29 |
|  clk_ip/inst/clk_out1 |                                   | game_logic/rstn                   |               11 |             36 |         3.27 |
|  clk_IBUF_BUFG        |                                   | game_logic/rstn                   |               93 |            180 |         1.94 |
+-----------------------+-----------------------------------+-----------------------------------+------------------+----------------+--------------+


